Debug.h:9:2:Debug::Debug(UART_HandleTypeDef*)	16	static
Debug.h:12:7:void Debug::uprintf(char*)	24	static
main.cpp:81:5:int main()	248	static
main.cpp:150:6:void SystemClock_Config()	72	static
main.cpp:188:13:void MX_I2C1_Init()	8	static
main.cpp:222:13:void MX_TIM1_Init()	80	static
main.cpp:299:13:void MX_TIM2_Init()	56	static
main.cpp:348:13:void MX_TIM3_Init()	56	static
main.cpp:397:13:void MX_USART2_UART_Init()	8	static
main.cpp:430:13:void MX_GPIO_Init()	40	static
main.cpp:475:6:void Error_Handler()	4	static,ignoring_inline_asm
