Archive member included to satisfy reference by file (symbol)

c:/st/stm32cubeide_1.5.0/stm32cubeide/plugins/com.st.stm32cube.ide.mcu.externaltools.gnu-tools-for-stm32.7-2018-q2-update.win32_1.5.0.202011040924/tools/bin/../lib/gcc/arm-none-eabi/7.3.1/../../../../arm-none-eabi/lib/thumb/v7e-m/fpv4-sp/hard\libc_nano.a(lib_a-errno.o)
                              Core/Src/syscalls.o (__errno)
c:/st/stm32cubeide_1.5.0/stm32cubeide/plugins/com.st.stm32cube.ide.mcu.externaltools.gnu-tools-for-stm32.7-2018-q2-update.win32_1.5.0.202011040924/tools/bin/../lib/gcc/arm-none-eabi/7.3.1/../../../../arm-none-eabi/lib/thumb/v7e-m/fpv4-sp/hard\libc_nano.a(lib_a-exit.o)
                              c:/st/stm32cubeide_1.5.0/stm32cubeide/plugins/com.st.stm32cube.ide.mcu.externaltools.gnu-tools-for-stm32.7-2018-q2-update.win32_1.5.0.202011040924/tools/bin/../lib/gcc/arm-none-eabi/7.3.1/../../../../arm-none-eabi/lib/thumb/v7e-m/fpv4-sp/hard/crt0.o (exit)
c:/st/stm32cubeide_1.5.0/stm32cubeide/plugins/com.st.stm32cube.ide.mcu.externaltools.gnu-tools-for-stm32.7-2018-q2-update.win32_1.5.0.202011040924/tools/bin/../lib/gcc/arm-none-eabi/7.3.1/../../../../arm-none-eabi/lib/thumb/v7e-m/fpv4-sp/hard\libc_nano.a(lib_a-impure.o)
                              c:/st/stm32cubeide_1.5.0/stm32cubeide/plugins/com.st.stm32cube.ide.mcu.externaltools.gnu-tools-for-stm32.7-2018-q2-update.win32_1.5.0.202011040924/tools/bin/../lib/gcc/arm-none-eabi/7.3.1/../../../../arm-none-eabi/lib/thumb/v7e-m/fpv4-sp/hard\libc_nano.a(lib_a-exit.o) (_global_impure_ptr)
c:/st/stm32cubeide_1.5.0/stm32cubeide/plugins/com.st.stm32cube.ide.mcu.externaltools.gnu-tools-for-stm32.7-2018-q2-update.win32_1.5.0.202011040924/tools/bin/../lib/gcc/arm-none-eabi/7.3.1/../../../../arm-none-eabi/lib/thumb/v7e-m/fpv4-sp/hard\libc_nano.a(lib_a-init.o)
                              c:/st/stm32cubeide_1.5.0/stm32cubeide/plugins/com.st.stm32cube.ide.mcu.externaltools.gnu-tools-for-stm32.7-2018-q2-update.win32_1.5.0.202011040924/tools/bin/../lib/gcc/arm-none-eabi/7.3.1/../../../../arm-none-eabi/lib/thumb/v7e-m/fpv4-sp/hard/crt0.o (__libc_init_array)
c:/st/stm32cubeide_1.5.0/stm32cubeide/plugins/com.st.stm32cube.ide.mcu.externaltools.gnu-tools-for-stm32.7-2018-q2-update.win32_1.5.0.202011040924/tools/bin/../lib/gcc/arm-none-eabi/7.3.1/../../../../arm-none-eabi/lib/thumb/v7e-m/fpv4-sp/hard\libc_nano.a(lib_a-malloc.o)
                              Middlewares/ST/STM32_USB_Device_Library/Class/CDC/Src/usbd_cdc.o (malloc)
c:/st/stm32cubeide_1.5.0/stm32cubeide/plugins/com.st.stm32cube.ide.mcu.externaltools.gnu-tools-for-stm32.7-2018-q2-update.win32_1.5.0.202011040924/tools/bin/../lib/gcc/arm-none-eabi/7.3.1/../../../../arm-none-eabi/lib/thumb/v7e-m/fpv4-sp/hard\libc_nano.a(lib_a-memset.o)
                              c:/st/stm32cubeide_1.5.0/stm32cubeide/plugins/com.st.stm32cube.ide.mcu.externaltools.gnu-tools-for-stm32.7-2018-q2-update.win32_1.5.0.202011040924/tools/bin/../lib/gcc/arm-none-eabi/7.3.1/../../../../arm-none-eabi/lib/thumb/v7e-m/fpv4-sp/hard/crt0.o (memset)
c:/st/stm32cubeide_1.5.0/stm32cubeide/plugins/com.st.stm32cube.ide.mcu.externaltools.gnu-tools-for-stm32.7-2018-q2-update.win32_1.5.0.202011040924/tools/bin/../lib/gcc/arm-none-eabi/7.3.1/../../../../arm-none-eabi/lib/thumb/v7e-m/fpv4-sp/hard\libc_nano.a(lib_a-nano-freer.o)
                              c:/st/stm32cubeide_1.5.0/stm32cubeide/plugins/com.st.stm32cube.ide.mcu.externaltools.gnu-tools-for-stm32.7-2018-q2-update.win32_1.5.0.202011040924/tools/bin/../lib/gcc/arm-none-eabi/7.3.1/../../../../arm-none-eabi/lib/thumb/v7e-m/fpv4-sp/hard\libc_nano.a(lib_a-malloc.o) (_free_r)
c:/st/stm32cubeide_1.5.0/stm32cubeide/plugins/com.st.stm32cube.ide.mcu.externaltools.gnu-tools-for-stm32.7-2018-q2-update.win32_1.5.0.202011040924/tools/bin/../lib/gcc/arm-none-eabi/7.3.1/../../../../arm-none-eabi/lib/thumb/v7e-m/fpv4-sp/hard\libc_nano.a(lib_a-nano-mallocr.o)
                              c:/st/stm32cubeide_1.5.0/stm32cubeide/plugins/com.st.stm32cube.ide.mcu.externaltools.gnu-tools-for-stm32.7-2018-q2-update.win32_1.5.0.202011040924/tools/bin/../lib/gcc/arm-none-eabi/7.3.1/../../../../arm-none-eabi/lib/thumb/v7e-m/fpv4-sp/hard\libc_nano.a(lib_a-malloc.o) (_malloc_r)
c:/st/stm32cubeide_1.5.0/stm32cubeide/plugins/com.st.stm32cube.ide.mcu.externaltools.gnu-tools-for-stm32.7-2018-q2-update.win32_1.5.0.202011040924/tools/bin/../lib/gcc/arm-none-eabi/7.3.1/../../../../arm-none-eabi/lib/thumb/v7e-m/fpv4-sp/hard\libc_nano.a(lib_a-sbrkr.o)
                              c:/st/stm32cubeide_1.5.0/stm32cubeide/plugins/com.st.stm32cube.ide.mcu.externaltools.gnu-tools-for-stm32.7-2018-q2-update.win32_1.5.0.202011040924/tools/bin/../lib/gcc/arm-none-eabi/7.3.1/../../../../arm-none-eabi/lib/thumb/v7e-m/fpv4-sp/hard\libc_nano.a(lib_a-nano-mallocr.o) (_sbrk_r)
[...]
Memory Configuration

Name             Origin             Length             Attributes
CCMRAM           0x0000000010000000 0x0000000000010000 xrw
RAM              0x0000000020000000 0x0000000000020000 xrw
FLASH            0x0000000008000000 0x0000000000100000 xr
*default*        0x0000000000000000 0xffffffffffffffff

Linker script and memory map

LOAD c:/st/stm32cubeide_1.5.0/stm32cubeide/plugins/com.st.stm32cube.ide.mcu.externaltools.gnu-tools-for-stm32.7-2018-q2-update.win32_1.5.0.202011040924/tools/bin/../lib/gcc/arm-none-eabi/7.3.1/thumb/v7e-m/fpv4-sp/hard/crti.o
LOAD c:/st/stm32cubeide_1.5.0/stm32cubeide/plugins/com.st.stm32cube.ide.mcu.externaltools.gnu-tools-for-stm32.7-2018-q2-update.win32_1.5.0.202011040924/tools/bin/../lib/gcc/arm-none-eabi/7.3.1/thumb/v7e-m/fpv4-sp/hard/crtbegin.o
LOAD c:/st/stm32cubeide_1.5.0/stm32cubeide/plugins/com.st.stm32cube.ide.mcu.externaltools.gnu-tools-for-stm32.7-2018-q2-update.win32_1.5.0.202011040924/tools/bin/../lib/gcc/arm-none-eabi/7.3.1/../../../../arm-none-eabi/lib/thumb/v7e-m/fpv4-sp/hard/crt0.o
LOAD Core/Src/Cytron.o
LOAD Core/Src/main.o
LOAD Core/Src/stm32f4xx_hal_msp.o
LOAD Core/Src/stm32f4xx_it.o
LOAD Core/Src/syscalls.o
LOAD Core/Src/sysmem.o
LOAD Core/Src/system_stm32f4xx.o
LOAD Core/Startup/startup_stm32f405zgtx.o
LOAD Drivers/STM32F4xx_HAL_Driver/Src/stm32f4xx_hal.o
LOAD Drivers/STM32F4xx_HAL_Driver/Src/stm32f4xx_hal_cortex.o
LOAD Drivers/STM32F4xx_HAL_Driver/Src/stm32f4xx_hal_dma.o
LOAD Drivers/STM32F4xx_HAL_Driver/Src/stm32f4xx_hal_dma_ex.o
LOAD Drivers/STM32F4xx_HAL_Driver/Src/stm32f4xx_hal_exti.o
LOAD Drivers/STM32F4xx_HAL_Driver/Src/stm32f4xx_hal_flash.o
LOAD Drivers/STM32F4xx_HAL_Driver/Src/stm32f4xx_hal_flash_ex.o
LOAD Drivers/STM32F4xx_HAL_Driver/Src/stm32f4xx_hal_flash_ramfunc.o
LOAD Drivers/STM32F4xx_HAL_Driver/Src/stm32f4xx_hal_gpio.o
LOAD Drivers/STM32F4xx_HAL_Driver/Src/stm32f4xx_hal_pcd.o
LOAD Drivers/STM32F4xx_HAL_Driver/Src/stm32f4xx_hal_pcd_ex.o
LOAD Drivers/STM32F4xx_HAL_Driver/Src/stm32f4xx_hal_pwr.o
LOAD Drivers/STM32F4xx_HAL_Driver/Src/stm32f4xx_hal_pwr_ex.o
LOAD Drivers/STM32F4xx_HAL_Driver/Src/stm32f4xx_hal_rcc.o
LOAD Drivers/STM32F4xx_HAL_Driver/Src/stm32f4xx_hal_rcc_ex.o
LOAD Drivers/STM32F4xx_HAL_Driver/Src/stm32f4xx_hal_tim.o
LOAD Drivers/STM32F4xx_HAL_Driver/Src/stm32f4xx_hal_tim_ex.o
LOAD Drivers/STM32F4xx_HAL_Driver/Src/stm32f4xx_hal_uart.o
LOAD Drivers/STM32F4xx_HAL_Driver/Src/stm32f4xx_ll_usb.o
LOAD Middlewares/ST/STM32_USB_Device_Library/Class/CDC/Src/usbd_cdc.o
LOAD Middlewares/ST/STM32_USB_Device_Library/Core/Src/usbd_core.o
LOAD Middlewares/ST/STM32_USB_Device_Library/Core/Src/usbd_ctlreq.o
LOAD Middlewares/ST/STM32_USB_Device_Library/Core/Src/usbd_ioreq.o
LOAD USB_DEVICE/App/usb_device.o
LOAD USB_DEVICE/App/usbd_cdc_if.o
LOAD USB_DEVICE/App/usbd_desc.o
LOAD USB_DEVICE/Target/usbd_conf.o
START GROUP
LOAD c:/st/stm32cubeide_1.5.0/stm32cubeide/plugins/com.st.stm32cube.ide.mcu.externaltools.gnu-tools-for-stm32.7-2018-q2-update.win32_1.5.0.202011040924/tools/bin/../lib/gcc/arm-none-eabi/7.3.1/../../../../arm-none-eabi/lib/thumb/v7e-m/fpv4-sp/hard\libstdc++_nano.a
LOAD c:/st/stm32cubeide_1.5.0/stm32cubeide/plugins/com.st.stm32cube.ide.mcu.externaltools.gnu-tools-for-stm32.7-2018-q2-update.win32_1.5.0.202011040924/tools/bin/../lib/gcc/arm-none-eabi/7.3.1/../../../../arm-none-eabi/lib/thumb/v7e-m/fpv4-sp/hard\libsupc++_nano.a
END GROUP
LOAD c:/st/stm32cubeide_1.5.0/stm32cubeide/plugins/com.st.stm32cube.ide.mcu.externaltools.gnu-tools-for-stm32.7-2018-q2-update.win32_1.5.0.202011040924/tools/bin/../lib/gcc/arm-none-eabi/7.3.1/../../../../arm-none-eabi/lib/thumb/v7e-m/fpv4-sp/hard\libstdc++_nano.a
LOAD c:/st/stm32cubeide_1.5.0/stm32cubeide/plugins/com.st.stm32cube.ide.mcu.externaltools.gnu-tools-for-stm32.7-2018-q2-update.win32_1.5.0.202011040924/tools/bin/../lib/gcc/arm-none-eabi/7.3.1/../../../../arm-none-eabi/lib/thumb/v7e-m/fpv4-sp/hard\libm.a
LOAD c:/st/stm32cubeide_1.5.0/stm32cubeide/plugins/com.st.stm32cube.ide.mcu.externaltools.gnu-tools-for-stm32.7-2018-q2-update.win32_1.5.0.202011040924/tools/bin/../lib/gcc/arm-none-eabi/7.3.1/../../../../arm-none-eabi/lib/thumb/v7e-m/fpv4-sp/hard\libc_nano.a
START GROUP
LOAD c:/st/stm32cubeide_1.5.0/stm32cubeide/plugins/com.st.stm32cube.ide.mcu.externaltools.gnu-tools-for-stm32.7-2018-q2-update.win32_1.5.0.202011040924/tools/bin/../lib/gcc/arm-none-eabi/7.3.1/thumb/v7e-m/fpv4-sp/hard\libgcc.a
LOAD c:/st/stm32cubeide_1.5.0/stm32cubeide/plugins/com.st.stm32cube.ide.mcu.externaltools.gnu-tools-for-stm32.7-2018-q2-update.win32_1.5.0.202011040924/tools/bin/../lib/gcc/arm-none-eabi/7.3.1/../../../../arm-none-eabi/lib/thumb/v7e-m/fpv4-sp/hard\libc_nano.a
END GROUP
START GROUP
LOAD c:/st/stm32cubeide_1.5.0/stm32cubeide/plugins/com.st.stm32cube.ide.mcu.externaltools.gnu-tools-for-stm32.7-2018-q2-update.win32_1.5.0.202011040924/tools/bin/../lib/gcc/arm-none-eabi/7.3.1/thumb/v7e-m/fpv4-sp/hard\libgcc.a
LOAD c:/st/stm32cubeide_1.5.0/stm32cubeide/plugins/com.st.stm32cube.ide.mcu.externaltools.gnu-tools-for-stm32.7-2018-q2-update.win32_1.5.0.202011040924/tools/bin/../lib/gcc/arm-none-eabi/7.3.1/../../../../arm-none-eabi/lib/thumb/v7e-m/fpv4-sp/hard\libc_nano.a
LOAD c:/st/stm32cubeide_1.5.0/stm32cubeide/plugins/com.st.stm32cube.ide.mcu.externaltools.gnu-tools-for-stm32.7-2018-q2-update.win32_1.5.0.202011040924/tools/bin/../lib/gcc/arm-none-eabi/7.3.1/../../../../arm-none-eabi/lib/thumb/v7e-m/fpv4-sp/hard\libnosys.a
END GROUP
START GROUP
LOAD c:/st/stm32cubeide_1.5.0/stm32cubeide/plugins/com.st.stm32cube.ide.mcu.externaltools.gnu-tools-for-stm32.7-2018-q2-update.win32_1.5.0.202011040924/tools/bin/../lib/gcc/arm-none-eabi/7.3.1/thumb/v7e-m/fpv4-sp/hard\libgcc.a
LOAD c:/st/stm32cubeide_1.5.0/stm32cubeide/plugins/com.st.stm32cube.ide.mcu.externaltools.gnu-tools-for-stm32.7-2018-q2-update.win32_1.5.0.202011040924/tools/bin/../lib/gcc/arm-none-eabi/7.3.1/../../../../arm-none-eabi/lib/thumb/v7e-m/fpv4-sp/hard\libc_nano.a
LOAD c:/st/stm32cubeide_1.5.0/stm32cubeide/plugins/com.st.stm32cube.ide.mcu.externaltools.gnu-tools-for-stm32.7-2018-q2-update.win32_1.5.0.202011040924/tools/bin/../lib/gcc/arm-none-eabi/7.3.1/../../../../arm-none-eabi/lib/thumb/v7e-m/fpv4-sp/hard\libnosys.a
END GROUP
LOAD c:/st/stm32cubeide_1.5.0/stm32cubeide/plugins/com.st.stm32cube.ide.mcu.externaltools.gnu-tools-for-stm32.7-2018-q2-update.win32_1.5.0.202011040924/tools/bin/../lib/gcc/arm-none-eabi/7.3.1/thumb/v7e-m/fpv4-sp/hard/crtend.o
LOAD c:/st/stm32cubeide_1.5.0/stm32cubeide/plugins/com.st.stm32cube.ide.mcu.externaltools.gnu-tools-for-stm32.7-2018-q2-update.win32_1.5.0.202011040924/tools/bin/../lib/gcc/arm-none-eabi/7.3.1/thumb/v7e-m/fpv4-sp/hard/crtn.o
                0x0000000020020000                _estack = (ORIGIN (RAM) + LENGTH (RAM))
                0x0000000000000200                _Min_Heap_Size = 0x200
                0x0000000000000400                _Min_Stack_Size = 0x400

.isr_vector     0x0000000008000000      0x188
                0x0000000008000000                . = ALIGN (0x4)
 *(.isr_vector)
 .isr_vector    0x0000000008000000      0x188 Core/Startup/startup_stm32f405zgtx.o
                0x0000000008000000                g_pfnVectors
                0x0000000008000188                . = ALIGN (0x4)

.text           0x0000000008000188     0x6ea0
                0x0000000008000188                . = ALIGN (0x4)
 *(.text)
 .text          0x0000000008000188       0x40 c:/st/stm32cubeide_1.5.0/stm32cubeide/plugins/com.st.stm32cube.ide.mcu.externaltools.gnu-tools-for-stm32.7-2018-q2-update.win32_1.5.0.202011040924/tools/bin/../lib/gcc/arm-none-eabi/7.3.1/thumb/v7e-m/fpv4-sp/hard/crtbegin.o
 .text          0x00000000080001c8       0x30 c:/st/stm32cubeide_1.5.0/stm32cubeide/plugins/com.st.stm32cube.ide.mcu.externaltools.gnu-tools-for-stm32.7-2018-q2-update.win32_1.5.0.202011040924/tools/bin/../lib/gcc/arm-none-eabi/7.3.1/thumb/v7e-m/fpv4-sp/hard\libgcc.a(_aeabi_uldivmod.o)
                0x00000000080001c8                __aeabi_uldivmod
 .text          0x00000000080001f8      0x2cc c:/st/stm32cubeide_1.5.0/stm32cubeide/plugins/com.st.stm32cube.ide.mcu.externaltools.gnu-tools-for-stm32.7-2018-q2-update.win32_1.5.0.202011040924/tools/bin/../lib/gcc/arm-none-eabi/7.3.1/thumb/v7e-m/fpv4-sp/hard\libgcc.a(_udivmoddi4.o)
                0x00000000080001f8                __udivmoddi4
 .text          0x00000000080004c4        0x4 c:/st/stm32cubeide_1.5.0/stm32cubeide/plugins/com.st.stm32cube.ide.mcu.externaltools.gnu-tools-for-stm32.7-2018-q2-update.win32_1.5.0.202011040924/tools/bin/../lib/gcc/arm-none-eabi/7.3.1/thumb/v7e-m/fpv4-sp/hard\libgcc.a(_dvmd_tls.o)
                0x00000000080004c4                __aeabi_idiv0
                0x00000000080004c4                __aeabi_ldiv0
 *(.text*)
 .text._ZN6CytronC2EP20__UART_HandleTypeDefhh
                0x00000000080004c8       0x54 Core/Src/Cytron.o
                0x00000000080004c8                Cytron::Cytron(__UART_HandleTypeDef*, unsigned char, unsigned char)
                0x00000000080004c8                Cytron::Cytron(__UART_HandleTypeDef*, unsigned char, unsigned char)
 .text._Z3maphhhhh
                0x000000000800051c       0x4e Core/Src/Cytron.o
                0x000000000800051c                map(unsigned char, unsigned char, unsigned char, unsigned char, unsigned char)
 .text._ZN6Cytron14send_dummy_bitEv
                0x000000000800056a       0x2c Core/Src/Cytron.o
                0x000000000800056a                Cytron::send_dummy_bit()
 .text._ZN6Cytron9clockwiseEh
                0x0000000008000596       0x32 Core/Src/Cytron.o
                0x0000000008000596                Cytron::clockwise(unsigned char)
 .text._ZN6Cytron14anti_clockwiseEh
                0x00000000080005c8       0x32 Core/Src/Cytron.o
                0x00000000080005c8                Cytron::anti_clockwise(unsigned char)
 .text._ZN6Cytron9send_dataEh
                0x00000000080005fa       0x5c Core/Src/Cytron.o
                0x00000000080005fa                Cytron::send_data(unsigned char)
 *fill*         0x0000000008000656        0x2 
 .text.main     0x0000000008000658       0x60 Core/Src/main.o
                0x0000000008000658                main
 .text._Z18SystemClock_Configv
                0x00000000080006b8       0xe8 Core/Src/main.o
                0x00000000080006b8                SystemClock_Config()
 .text._ZL19MX_USART1_UART_Initv
                0x00000000080007a0       0x5c Core/Src/main.o
 .text._ZL12MX_GPIO_Initv
                0x00000000080007fc       0xa0 Core/Src/main.o
 .text.Error_Handler
                0x000000000800089c        0x8 Core/Src/main.o
                0x000000000800089c                Error_Handler
 .text.HAL_MspInit
                0x00000000080008a4       0x50 Core/Src/stm32f4xx_hal_msp.o
                0x00000000080008a4                HAL_MspInit
 .text.HAL_UART_MspInit
                0x00000000080008f4       0x90 Core/Src/stm32f4xx_hal_msp.o
                0x00000000080008f4                HAL_UART_MspInit
 .text.NMI_Handler
                0x0000000008000984        0x6 Core/Src/stm32f4xx_it.o
                0x0000000008000984                NMI_Handler
 .text.HardFault_Handler
                0x000000000800098a        0x6 Core/Src/stm32f4xx_it.o
                0x000000000800098a                HardFault_Handler
 .text.MemManage_Handler
                0x0000000008000990        0x6 Core/Src/stm32f4xx_it.o
                0x0000000008000990                MemManage_Handler
 .text.BusFault_Handler
                0x0000000008000996        0x6 Core/Src/stm32f4xx_it.o
                0x0000000008000996                BusFault_Handler
 .text.UsageFault_Handler
                0x000000000800099c        0x6 Core/Src/stm32f4xx_it.o
                0x000000000800099c                UsageFault_Handler
 .text.SVC_Handler
                0x00000000080009a2        0xe Core/Src/stm32f4xx_it.o
                0x00000000080009a2                SVC_Handler
 .text.DebugMon_Handler
                0x00000000080009b0        0xe Core/Src/stm32f4xx_it.o
                0x00000000080009b0                DebugMon_Handler
 .text.PendSV_Handler
                0x00000000080009be        0xe Core/Src/stm32f4xx_it.o
                0x00000000080009be                PendSV_Handler
 .text.SysTick_Handler
                0x00000000080009cc        0xc Core/Src/stm32f4xx_it.o
                0x00000000080009cc                SysTick_Handler
 .text.OTG_FS_IRQHandler
                0x00000000080009d8       0x14 Core/Src/stm32f4xx_it.o
                0x00000000080009d8                OTG_FS_IRQHandler
 .text._sbrk    0x00000000080009ec       0x6c Core/Src/sysmem.o
                0x00000000080009ec                _sbrk
 .text.SystemInit
                0x0000000008000a58       0x2c Core/Src/system_stm32f4xx.o
                0x0000000008000a58                SystemInit
 .text.Reset_Handler
                0x0000000008000a84       0x50 Core/Startup/startup_stm32f405zgtx.o
                0x0000000008000a84                Reset_Handler
 .text.Default_Handler
                0x0000000008000ad4        0x2 Core/Startup/startup_stm32f405zgtx.o
                0x0000000008000ad4                RTC_Alarm_IRQHandler
                0x0000000008000ad4                HASH_RNG_IRQHandler
                0x0000000008000ad4                EXTI2_IRQHandler
                0x0000000008000ad4                TIM8_CC_IRQHandler
                0x0000000008000ad4                TIM1_CC_IRQHandler
                0x0000000008000ad4                DMA2_Stream5_IRQHandler
                0x0000000008000ad4                DMA1_Stream5_IRQHandler
                0x0000000008000ad4                PVD_IRQHandler
                0x0000000008000ad4                SDIO_IRQHandler
                0x0000000008000ad4                TAMP_STAMP_IRQHandler
                0x0000000008000ad4                CAN2_RX1_IRQHandler
                0x0000000008000ad4                EXTI3_IRQHandler
                0x0000000008000ad4                TIM8_TRG_COM_TIM14_IRQHandler
                0x0000000008000ad4                TIM1_UP_TIM10_IRQHandler
                0x0000000008000ad4                TIM8_UP_TIM13_IRQHandler
                0x0000000008000ad4                I2C3_ER_IRQHandler
                0x0000000008000ad4                EXTI0_IRQHandler
                0x0000000008000ad4                I2C2_EV_IRQHandler
                0x0000000008000ad4                DMA1_Stream2_IRQHandler
                0x0000000008000ad4                CAN1_RX0_IRQHandler
                0x0000000008000ad4                FPU_IRQHandler
                0x0000000008000ad4                OTG_HS_WKUP_IRQHandler
                0x0000000008000ad4                CAN2_SCE_IRQHandler
                0x0000000008000ad4                DMA2_Stream2_IRQHandler
                0x0000000008000ad4                SPI1_IRQHandler
                0x0000000008000ad4                TIM6_DAC_IRQHandler
                0x0000000008000ad4                TIM1_BRK_TIM9_IRQHandler
                0x0000000008000ad4                CAN2_RX0_IRQHandler
                0x0000000008000ad4                DMA2_Stream3_IRQHandler
                0x0000000008000ad4                USART6_IRQHandler
                0x0000000008000ad4                USART3_IRQHandler
                0x0000000008000ad4                CAN1_RX1_IRQHandler
                0x0000000008000ad4                UART5_IRQHandler
                0x0000000008000ad4                DMA2_Stream0_IRQHandler
                0x0000000008000ad4                TIM4_IRQHandler
                0x0000000008000ad4                I2C1_EV_IRQHandler
                0x0000000008000ad4                DMA1_Stream6_IRQHandler
                0x0000000008000ad4                DMA1_Stream1_IRQHandler
                0x0000000008000ad4                UART4_IRQHandler
                0x0000000008000ad4                TIM3_IRQHandler
                0x0000000008000ad4                RCC_IRQHandler
                0x0000000008000ad4                TIM8_BRK_TIM12_IRQHandler
                0x0000000008000ad4                Default_Handler
                0x0000000008000ad4                EXTI15_10_IRQHandler
                0x0000000008000ad4                ADC_IRQHandler
                0x0000000008000ad4                DMA1_Stream7_IRQHandler
                0x0000000008000ad4                TIM7_IRQHandler
                0x0000000008000ad4                CAN2_TX_IRQHandler
                0x0000000008000ad4                TIM5_IRQHandler
                0x0000000008000ad4                DMA2_Stream7_IRQHandler
                0x0000000008000ad4                I2C3_EV_IRQHandler
                0x0000000008000ad4                EXTI9_5_IRQHandler
                0x0000000008000ad4                RTC_WKUP_IRQHandler
                0x0000000008000ad4                SPI2_IRQHandler
                0x0000000008000ad4                OTG_HS_EP1_IN_IRQHandler
                0x0000000008000ad4                DMA1_Stream0_IRQHandler
                0x0000000008000ad4                CAN1_TX_IRQHandler
                0x0000000008000ad4                EXTI4_IRQHandler
                0x0000000008000ad4                FSMC_IRQHandler
                0x0000000008000ad4                OTG_HS_EP1_OUT_IRQHandler
                0x0000000008000ad4                WWDG_IRQHandler
                0x0000000008000ad4                TIM2_IRQHandler
                0x0000000008000ad4                OTG_FS_WKUP_IRQHandler
                0x0000000008000ad4                TIM1_TRG_COM_TIM11_IRQHandler
                0x0000000008000ad4                OTG_HS_IRQHandler
                0x0000000008000ad4                EXTI1_IRQHandler
                0x0000000008000ad4                USART2_IRQHandler
                0x0000000008000ad4                I2C2_ER_IRQHandler
                0x0000000008000ad4                DMA2_Stream1_IRQHandler
                0x0000000008000ad4                CAN1_SCE_IRQHandler
                0x0000000008000ad4                FLASH_IRQHandler
                0x0000000008000ad4                DMA2_Stream4_IRQHandler
                0x0000000008000ad4                USART1_IRQHandler
                0x0000000008000ad4                SPI3_IRQHandler
                0x0000000008000ad4                DMA1_Stream4_IRQHandler
                0x0000000008000ad4                I2C1_ER_IRQHandler
                0x0000000008000ad4                DMA2_Stream6_IRQHandler
                0x0000000008000ad4                DMA1_Stream3_IRQHandler
 *fill*         0x0000000008000ad6        0x2 
 .text.HAL_Init
                0x0000000008000ad8       0x44 Drivers/STM32F4xx_HAL_Driver/Src/stm32f4xx_hal.o
                0x0000000008000ad8                HAL_Init
 .text.HAL_InitTick
                0x0000000008000b1c       0x60 Drivers/STM32F4xx_HAL_Driver/Src/stm32f4xx_hal.o
                0x0000000008000b1c                HAL_InitTick
 .text.HAL_IncTick
                0x0000000008000b7c       0x28 Drivers/STM32F4xx_HAL_Driver/Src/stm32f4xx_hal.o
                0x0000000008000b7c                HAL_IncTick
 .text.HAL_GetTick
                0x0000000008000ba4       0x18 Drivers/STM32F4xx_HAL_Driver/Src/stm32f4xx_hal.o
                0x0000000008000ba4                HAL_GetTick
 .text.HAL_Delay
                0x0000000008000bbc       0x44 Drivers/STM32F4xx_HAL_Driver/Src/stm32f4xx_hal.o
                0x0000000008000bbc                HAL_Delay
 .text.__NVIC_SetPriorityGrouping
                0x0000000008000c00       0x48 Drivers/STM32F4xx_HAL_Driver/Src/stm32f4xx_hal_cortex.o
 .text.__NVIC_GetPriorityGrouping
                0x0000000008000c48       0x1c Drivers/STM32F4xx_HAL_Driver/Src/stm32f4xx_hal_cortex.o
 .text.__NVIC_EnableIRQ
                0x0000000008000c64       0x3c Drivers/STM32F4xx_HAL_Driver/Src/stm32f4xx_hal_cortex.o
 .text.__NVIC_SetPriority
                0x0000000008000ca0       0x54 Drivers/STM32F4xx_HAL_Driver/Src/stm32f4xx_hal_cortex.o
 .text.NVIC_EncodePriority
                0x0000000008000cf4       0x66 Drivers/STM32F4xx_HAL_Driver/Src/stm32f4xx_hal_cortex.o
 *fill*         0x0000000008000d5a        0x2 
 .text.SysTick_Config
                0x0000000008000d5c       0x44 Drivers/STM32F4xx_HAL_Driver/Src/stm32f4xx_hal_cortex.o
 .text.HAL_NVIC_SetPriorityGrouping
                0x0000000008000da0       0x16 Drivers/STM32F4xx_HAL_Driver/Src/stm32f4xx_hal_cortex.o
                0x0000000008000da0                HAL_NVIC_SetPriorityGrouping
 .text.HAL_NVIC_SetPriority
                0x0000000008000db6       0x38 Drivers/STM32F4xx_HAL_Driver/Src/stm32f4xx_hal_cortex.o
                0x0000000008000db6                HAL_NVIC_SetPriority
 .text.HAL_NVIC_EnableIRQ
                0x0000000008000dee       0x1c Drivers/STM32F4xx_HAL_Driver/Src/stm32f4xx_hal_cortex.o
                0x0000000008000dee                HAL_NVIC_EnableIRQ
 .text.HAL_SYSTICK_Config
                0x0000000008000e0a       0x18 Drivers/STM32F4xx_HAL_Driver/Src/stm32f4xx_hal_cortex.o
                0x0000000008000e0a                HAL_SYSTICK_Config
 *fill*         0x0000000008000e22        0x2 
 .text.HAL_GPIO_Init
                0x0000000008000e24      0x334 Drivers/STM32F4xx_HAL_Driver/Src/stm32f4xx_hal_gpio.o
                0x0000000008000e24                HAL_GPIO_Init
 .text.HAL_GPIO_WritePin
                0x0000000008001158       0x32 Drivers/STM32F4xx_HAL_Driver/Src/stm32f4xx_hal_gpio.o
                0x0000000008001158                HAL_GPIO_WritePin
 .text.HAL_PCD_Init
                0x000000000800118a      0x23a Drivers/STM32F4xx_HAL_Driver/Src/stm32f4xx_hal_pcd.o
                0x000000000800118a                HAL_PCD_Init
 .text.HAL_PCD_Start
                0x00000000080013c4       0x66 Drivers/STM32F4xx_HAL_Driver/Src/stm32f4xx_hal_pcd.o
                0x00000000080013c4                HAL_PCD_Start
 .text.HAL_PCD_IRQHandler
                0x000000000800142a      0x764 Drivers/STM32F4xx_HAL_Driver/Src/stm32f4xx_hal_pcd.o
                0x000000000800142a                HAL_PCD_IRQHandler
 .text.HAL_PCD_SetAddress
                0x0000000008001b8e       0x4a Drivers/STM32F4xx_HAL_Driver/Src/stm32f4xx_hal_pcd.o
                0x0000000008001b8e                HAL_PCD_SetAddress
 .text.HAL_PCD_EP_Open
                0x0000000008001bd8       0xd0 Drivers/STM32F4xx_HAL_Driver/Src/stm32f4xx_hal_pcd.o
                0x0000000008001bd8                HAL_PCD_EP_Open
 .text.HAL_PCD_EP_Close
                0x0000000008001ca8       0x94 Drivers/STM32F4xx_HAL_Driver/Src/stm32f4xx_hal_pcd.o
                0x0000000008001ca8                HAL_PCD_EP_Close
 .text.HAL_PCD_EP_Receive
                0x0000000008001d3c       0x96 Drivers/STM32F4xx_HAL_Driver/Src/stm32f4xx_hal_pcd.o
                0x0000000008001d3c                HAL_PCD_EP_Receive
 .text.HAL_PCD_EP_GetRxCount
                0x0000000008001dd2       0x30 Drivers/STM32F4xx_HAL_Driver/Src/stm32f4xx_hal_pcd.o
                0x0000000008001dd2                HAL_PCD_EP_GetRxCount
 .text.HAL_PCD_EP_Transmit
                0x0000000008001e02       0x94 Drivers/STM32F4xx_HAL_Driver/Src/stm32f4xx_hal_pcd.o
                0x0000000008001e02                HAL_PCD_EP_Transmit
 .text.HAL_PCD_EP_SetStall
                0x0000000008001e96       0xc8 Drivers/STM32F4xx_HAL_Driver/Src/stm32f4xx_hal_pcd.o
                0x0000000008001e96                HAL_PCD_EP_SetStall
 .text.HAL_PCD_EP_ClrStall
                0x0000000008001f5e       0xac Drivers/STM32F4xx_HAL_Driver/Src/stm32f4xx_hal_pcd.o
                0x0000000008001f5e                HAL_PCD_EP_ClrStall
 .text.PCD_WriteEmptyTxFifo
                0x000000000800200a      0x11a Drivers/STM32F4xx_HAL_Driver/Src/stm32f4xx_hal_pcd.o
 .text.PCD_EP_OutXfrComplete_int
                0x0000000008002124      0x218 Drivers/STM32F4xx_HAL_Driver/Src/stm32f4xx_hal_pcd.o
 .text.PCD_EP_OutSetupPacket_int
                0x000000000800233c       0x8c Drivers/STM32F4xx_HAL_Driver/Src/stm32f4xx_hal_pcd.o
 .text.HAL_PCDEx_SetTxFiFo
                0x00000000080023c8       0x8e Drivers/STM32F4xx_HAL_Driver/Src/stm32f4xx_hal_pcd_ex.o
                0x00000000080023c8                HAL_PCDEx_SetTxFiFo
 .text.HAL_PCDEx_SetRxFiFo
                0x0000000008002456       0x22 Drivers/STM32F4xx_HAL_Driver/Src/stm32f4xx_hal_pcd_ex.o
                0x0000000008002456                HAL_PCDEx_SetRxFiFo
 .text.HAL_PCDEx_LPM_Callback
                0x0000000008002478       0x18 Drivers/STM32F4xx_HAL_Driver/Src/stm32f4xx_hal_pcd_ex.o
                0x0000000008002478                HAL_PCDEx_LPM_Callback
 .text.HAL_RCC_OscConfig
                0x0000000008002490      0x4e0 Drivers/STM32F4xx_HAL_Driver/Src/stm32f4xx_hal_rcc.o
                0x0000000008002490                HAL_RCC_OscConfig
 .text.HAL_RCC_ClockConfig
                0x0000000008002970      0x1cc Drivers/STM32F4xx_HAL_Driver/Src/stm32f4xx_hal_rcc.o
                0x0000000008002970                HAL_RCC_ClockConfig
 .text.HAL_RCC_GetSysClockFreq
                0x0000000008002b3c      0x164 Drivers/STM32F4xx_HAL_Driver/Src/stm32f4xx_hal_rcc.o
                0x0000000008002b3c                HAL_RCC_GetSysClockFreq
 .text.HAL_RCC_GetHCLKFreq
                0x0000000008002ca0       0x18 Drivers/STM32F4xx_HAL_Driver/Src/stm32f4xx_hal_rcc.o
                0x0000000008002ca0                HAL_RCC_GetHCLKFreq
 .text.HAL_RCC_GetPCLK1Freq
                0x0000000008002cb8       0x28 Drivers/STM32F4xx_HAL_Driver/Src/stm32f4xx_hal_rcc.o
                0x0000000008002cb8                HAL_RCC_GetPCLK1Freq
 .text.HAL_RCC_GetPCLK2Freq
                0x0000000008002ce0       0x28 Drivers/STM32F4xx_HAL_Driver/Src/stm32f4xx_hal_rcc.o
                0x0000000008002ce0                HAL_RCC_GetPCLK2Freq
 .text.HAL_UART_Init
                0x0000000008002d08       0x9a Drivers/STM32F4xx_HAL_Driver/Src/stm32f4xx_hal_uart.o
                0x0000000008002d08                HAL_UART_Init
 .text.HAL_UART_Transmit
                0x0000000008002da2      0x132 Drivers/STM32F4xx_HAL_Driver/Src/stm32f4xx_hal_uart.o
                0x0000000008002da2                HAL_UART_Transmit
 .text.UART_WaitOnFlagUntilTimeout
                0x0000000008002ed4       0x94 Drivers/STM32F4xx_HAL_Driver/Src/stm32f4xx_hal_uart.o
 .text.UART_SetConfig
                0x0000000008002f68      0x6f8 Drivers/STM32F4xx_HAL_Driver/Src/stm32f4xx_hal_uart.o
 .text.USB_CoreInit
                0x0000000008003660       0xc2 Drivers/STM32F4xx_HAL_Driver/Src/stm32f4xx_ll_usb.o
                0x0000000008003660                USB_CoreInit
 *fill*         0x0000000008003722        0x2 
 .text.USB_SetTurnaroundTime
                0x0000000008003724      0x144 Drivers/STM32F4xx_HAL_Driver/Src/stm32f4xx_ll_usb.o
                0x0000000008003724                USB_SetTurnaroundTime
 .text.USB_EnableGlobalInt
                0x0000000008003868       0x22 Drivers/STM32F4xx_HAL_Driver/Src/stm32f4xx_ll_usb.o
                0x0000000008003868                USB_EnableGlobalInt
 .text.USB_DisableGlobalInt
                0x000000000800388a       0x22 Drivers/STM32F4xx_HAL_Driver/Src/stm32f4xx_ll_usb.o
                0x000000000800388a                USB_DisableGlobalInt
 .text.USB_SetCurrentMode
                0x00000000080038ac       0x54 Drivers/STM32F4xx_HAL_Driver/Src/stm32f4xx_ll_usb.o
                0x00000000080038ac                USB_SetCurrentMode
 .text.USB_DevInit
                0x0000000008003900      0x2c8 Drivers/STM32F4xx_HAL_Driver/Src/stm32f4xx_ll_usb.o
                0x0000000008003900                USB_DevInit
 .text.USB_FlushTxFifo
                0x0000000008003bc8       0x4c Drivers/STM32F4xx_HAL_Driver/Src/stm32f4xx_ll_usb.o
                0x0000000008003bc8                USB_FlushTxFifo
 .text.USB_FlushRxFifo
                0x0000000008003c14       0x44 Drivers/STM32F4xx_HAL_Driver/Src/stm32f4xx_ll_usb.o
                0x0000000008003c14                USB_FlushRxFifo
 .text.USB_SetDevSpeed
                0x0000000008003c58       0x32 Drivers/STM32F4xx_HAL_Driver/Src/stm32f4xx_ll_usb.o
                0x0000000008003c58                USB_SetDevSpeed
 .text.USB_GetDevSpeed
                0x0000000008003c8a       0x4a Drivers/STM32F4xx_HAL_Driver/Src/stm32f4xx_ll_usb.o
                0x0000000008003c8a                USB_GetDevSpeed
 .text.USB_ActivateEndpoint
                0x0000000008003cd4      0x10e Drivers/STM32F4xx_HAL_Driver/Src/stm32f4xx_ll_usb.o
                0x0000000008003cd4                USB_ActivateEndpoint
 *fill*         0x0000000008003de2        0x2 
 .text.USB_DeactivateEndpoint
                0x0000000008003de4      0x1b8 Drivers/STM32F4xx_HAL_Driver/Src/stm32f4xx_ll_usb.o
                0x0000000008003de4                USB_DeactivateEndpoint
 .text.USB_EPStartXfer
                0x0000000008003f9c      0x488 Drivers/STM32F4xx_HAL_Driver/Src/stm32f4xx_ll_usb.o
                0x0000000008003f9c                USB_EPStartXfer
 .text.USB_EP0StartXfer
                0x0000000008004424      0x2a6 Drivers/STM32F4xx_HAL_Driver/Src/stm32f4xx_ll_usb.o
                0x0000000008004424                USB_EP0StartXfer
 .text.USB_WritePacket
                0x00000000080046ca       0x6a Drivers/STM32F4xx_HAL_Driver/Src/stm32f4xx_ll_usb.o
                0x00000000080046ca                USB_WritePacket
 .text.USB_ReadPacket
                0x0000000008004734       0x52 Drivers/STM32F4xx_HAL_Driver/Src/stm32f4xx_ll_usb.o
                0x0000000008004734                USB_ReadPacket
 .text.USB_EPSetStall
                0x0000000008004786       0xdc Drivers/STM32F4xx_HAL_Driver/Src/stm32f4xx_ll_usb.o
                0x0000000008004786                USB_EPSetStall
 .text.USB_EPClearStall
                0x0000000008004862       0xcc Drivers/STM32F4xx_HAL_Driver/Src/stm32f4xx_ll_usb.o
                0x0000000008004862                USB_EPClearStall
 .text.USB_SetDevAddress
                0x000000000800492e       0x4c Drivers/STM32F4xx_HAL_Driver/Src/stm32f4xx_ll_usb.o
                0x000000000800492e                USB_SetDevAddress
 .text.USB_DevConnect
                0x000000000800497a       0x42 Drivers/STM32F4xx_HAL_Driver/Src/stm32f4xx_ll_usb.o
                0x000000000800497a                USB_DevConnect
 .text.USB_DevDisconnect
                0x00000000080049bc       0x42 Drivers/STM32F4xx_HAL_Driver/Src/stm32f4xx_ll_usb.o
                0x00000000080049bc                USB_DevDisconnect
 .text.USB_ReadInterrupts
                0x00000000080049fe       0x26 Drivers/STM32F4xx_HAL_Driver/Src/stm32f4xx_ll_usb.o
                0x00000000080049fe                USB_ReadInterrupts
 .text.USB_ReadDevAllOutEpInterrupt
                0x0000000008004a24       0x34 Drivers/STM32F4xx_HAL_Driver/Src/stm32f4xx_ll_usb.o
                0x0000000008004a24                USB_ReadDevAllOutEpInterrupt
 .text.USB_ReadDevAllInEpInterrupt
                0x0000000008004a58       0x34 Drivers/STM32F4xx_HAL_Driver/Src/stm32f4xx_ll_usb.o
                0x0000000008004a58                USB_ReadDevAllInEpInterrupt
 .text.USB_ReadDevOutEPInterrupt
                0x0000000008004a8c       0x3c Drivers/STM32F4xx_HAL_Driver/Src/stm32f4xx_ll_usb.o
                0x0000000008004a8c                USB_ReadDevOutEPInterrupt
 .text.USB_ReadDevInEPInterrupt
                0x0000000008004ac8       0x5c Drivers/STM32F4xx_HAL_Driver/Src/stm32f4xx_ll_usb.o
                0x0000000008004ac8                USB_ReadDevInEPInterrupt
 .text.USB_GetMode
                0x0000000008004b24       0x1c Drivers/STM32F4xx_HAL_Driver/Src/stm32f4xx_ll_usb.o
                0x0000000008004b24                USB_GetMode
 .text.USB_ActivateSetup
                0x0000000008004b40       0x46 Drivers/STM32F4xx_HAL_Driver/Src/stm32f4xx_ll_usb.o
                0x0000000008004b40                USB_ActivateSetup
 *fill*         0x0000000008004b86        0x2 
 .text.USB_EP0_OutStart
                0x0000000008004b88       0xbc Drivers/STM32F4xx_HAL_Driver/Src/stm32f4xx_ll_usb.o
                0x0000000008004b88                USB_EP0_OutStart
 .text.USB_CoreReset
                0x0000000008004c44       0x68 Drivers/STM32F4xx_HAL_Driver/Src/stm32f4xx_ll_usb.o
 .text.USBD_CDC_Init
                0x0000000008004cac      0x100 Middlewares/ST/STM32_USB_Device_Library/Class/CDC/Src/usbd_cdc.o
 .text.USBD_CDC_DeInit
                0x0000000008004dac       0x78 Middlewares/ST/STM32_USB_Device_Library/Class/CDC/Src/usbd_cdc.o
 .text.USBD_CDC_Setup
                0x0000000008004e24      0x178 Middlewares/ST/STM32_USB_Device_Library/Class/CDC/Src/usbd_cdc.o
 .text.USBD_CDC_DataIn
                0x0000000008004f9c       0xbe Middlewares/ST/STM32_USB_Device_Library/Class/CDC/Src/usbd_cdc.o
 .text.USBD_CDC_DataOut
                0x000000000800505a       0x56 Middlewares/ST/STM32_USB_Device_Library/Class/CDC/Src/usbd_cdc.o
 .text.USBD_CDC_EP0_RxReady
                0x00000000080050b0       0x50 Middlewares/ST/STM32_USB_Device_Library/Class/CDC/Src/usbd_cdc.o
 .text.USBD_CDC_GetFSCfgDesc
                0x0000000008005100       0x20 Middlewares/ST/STM32_USB_Device_Library/Class/CDC/Src/usbd_cdc.o
 .text.USBD_CDC_GetHSCfgDesc
                0x0000000008005120       0x20 Middlewares/ST/STM32_USB_Device_Library/Class/CDC/Src/usbd_cdc.o
 .text.USBD_CDC_GetOtherSpeedCfgDesc
                0x0000000008005140       0x20 Middlewares/ST/STM32_USB_Device_Library/Class/CDC/Src/usbd_cdc.o
 .text.USBD_CDC_GetDeviceQualifierDescriptor
                0x0000000008005160       0x20 Middlewares/ST/STM32_USB_Device_Library/Class/CDC/Src/usbd_cdc.o
                0x0000000008005160                USBD_CDC_GetDeviceQualifierDescriptor
 .text.USBD_CDC_RegisterInterface
                0x0000000008005180       0x2a Middlewares/ST/STM32_USB_Device_Library/Class/CDC/Src/usbd_cdc.o
                0x0000000008005180                USBD_CDC_RegisterInterface
 .text.USBD_CDC_SetTxBuffer
                0x00000000080051aa       0x32 Middlewares/ST/STM32_USB_Device_Library/Class/CDC/Src/usbd_cdc.o
                0x00000000080051aa                USBD_CDC_SetTxBuffer
 .text.USBD_CDC_SetRxBuffer
                0x00000000080051dc       0x28 Middlewares/ST/STM32_USB_Device_Library/Class/CDC/Src/usbd_cdc.o
                0x00000000080051dc                USBD_CDC_SetRxBuffer
 .text.USBD_CDC_ReceivePacket
                0x0000000008005204       0x54 Middlewares/ST/STM32_USB_Device_Library/Class/CDC/Src/usbd_cdc.o
                0x0000000008005204                USBD_CDC_ReceivePacket
 .text.USBD_Init
                0x0000000008005258       0x6c Middlewares/ST/STM32_USB_Device_Library/Core/Src/usbd_core.o
                0x0000000008005258                USBD_Init
 .text.USBD_RegisterClass
                0x00000000080052c4       0x42 Middlewares/ST/STM32_USB_Device_Library/Core/Src/usbd_core.o
                0x00000000080052c4                USBD_RegisterClass
 .text.USBD_Start
                0x0000000008005306       0x18 Middlewares/ST/STM32_USB_Device_Library/Core/Src/usbd_core.o
                0x0000000008005306                USBD_Start
 .text.USBD_RunTestMode
                0x000000000800531e       0x16 Middlewares/ST/STM32_USB_Device_Library/Core/Src/usbd_core.o
                0x000000000800531e                USBD_RunTestMode
 .text.USBD_SetClassConfig
                0x0000000008005334       0x38 Middlewares/ST/STM32_USB_Device_Library/Core/Src/usbd_core.o
                0x0000000008005334                USBD_SetClassConfig
 .text.USBD_ClrClassConfig
                0x000000000800536c       0x30 Middlewares/ST/STM32_USB_Device_Library/Core/Src/usbd_core.o
                0x000000000800536c                USBD_ClrClassConfig
 .text.USBD_LL_SetupStage
                0x000000000800539c       0xa6 Middlewares/ST/STM32_USB_Device_Library/Core/Src/usbd_core.o
                0x000000000800539c                USBD_LL_SetupStage
 .text.USBD_LL_DataOutStage
                0x0000000008005442       0xc6 Middlewares/ST/STM32_USB_Device_Library/Core/Src/usbd_core.o
                0x0000000008005442                USBD_LL_DataOutStage
 .text.USBD_LL_DataInStage
                0x0000000008005508      0x12c Middlewares/ST/STM32_USB_Device_Library/Core/Src/usbd_core.o
                0x0000000008005508                USBD_LL_DataInStage
 .text.USBD_LL_Reset
                0x0000000008005634       0x82 Middlewares/ST/STM32_USB_Device_Library/Core/Src/usbd_core.o
                0x0000000008005634                USBD_LL_Reset
 .text.USBD_LL_SetSpeed
                0x00000000080056b6       0x20 Middlewares/ST/STM32_USB_Device_Library/Core/Src/usbd_core.o
                0x00000000080056b6                USBD_LL_SetSpeed
 .text.USBD_LL_Suspend
                0x00000000080056d6       0x2a Middlewares/ST/STM32_USB_Device_Library/Core/Src/usbd_core.o
                0x00000000080056d6                USBD_LL_Suspend
 .text.USBD_LL_Resume
                0x0000000008005700       0x2c Middlewares/ST/STM32_USB_Device_Library/Core/Src/usbd_core.o
                0x0000000008005700                USBD_LL_Resume
 .text.USBD_LL_SOF
                0x000000000800572c       0x34 Middlewares/ST/STM32_USB_Device_Library/Core/Src/usbd_core.o
                0x000000000800572c                USBD_LL_SOF
 .text.USBD_LL_IsoINIncomplete
                0x0000000008005760       0x1a Middlewares/ST/STM32_USB_Device_Library/Core/Src/usbd_core.o
                0x0000000008005760                USBD_LL_IsoINIncomplete
 .text.USBD_LL_IsoOUTIncomplete
                0x000000000800577a       0x1a Middlewares/ST/STM32_USB_Device_Library/Core/Src/usbd_core.o
                0x000000000800577a                USBD_LL_IsoOUTIncomplete
 .text.USBD_LL_DevConnected
                0x0000000008005794       0x16 Middlewares/ST/STM32_USB_Device_Library/Core/Src/usbd_core.o
                0x0000000008005794                USBD_LL_DevConnected
 .text.USBD_LL_DevDisconnected
                0x00000000080057aa       0x38 Middlewares/ST/STM32_USB_Device_Library/Core/Src/usbd_core.o
                0x00000000080057aa                USBD_LL_DevDisconnected
 .text.SWAPBYTE
                0x00000000080057e2       0x3c Middlewares/ST/STM32_USB_Device_Library/Core/Src/usbd_ctlreq.o
 *fill*         0x000000000800581e        0x2 
 .text.USBD_StdDevReq
                0x0000000008005820       0xdc Middlewares/ST/STM32_USB_Device_Library/Core/Src/usbd_ctlreq.o
                0x0000000008005820                USBD_StdDevReq
 .text.USBD_StdItfReq
                0x00000000080058fc       0x8c Middlewares/ST/STM32_USB_Device_Library/Core/Src/usbd_ctlreq.o
                0x00000000080058fc                USBD_StdItfReq
 .text.USBD_StdEPReq
                0x0000000008005988      0x2aa Middlewares/ST/STM32_USB_Device_Library/Core/Src/usbd_ctlreq.o
                0x0000000008005988                USBD_StdEPReq
 *fill*         0x0000000008005c32        0x2 
 .text.USBD_GetDescriptor
                0x0000000008005c34      0x2d4 Middlewares/ST/STM32_USB_Device_Library/Core/Src/usbd_ctlreq.o
 .text.USBD_SetAddress
                0x0000000008005f08       0x84 Middlewares/ST/STM32_USB_Device_Library/Core/Src/usbd_ctlreq.o
 .text.USBD_SetConfig
                0x0000000008005f8c      0x148 Middlewares/ST/STM32_USB_Device_Library/Core/Src/usbd_ctlreq.o
 .text.USBD_GetConfig
                0x00000000080060d4       0x68 Middlewares/ST/STM32_USB_Device_Library/Core/Src/usbd_ctlreq.o
 .text.USBD_GetStatus
                0x000000000800613c       0x66 Middlewares/ST/STM32_USB_Device_Library/Core/Src/usbd_ctlreq.o
 .text.USBD_SetFeature
                0x00000000080061a2       0x28 Middlewares/ST/STM32_USB_Device_Library/Core/Src/usbd_ctlreq.o
 .text.USBD_ClrFeature
                0x00000000080061ca       0x42 Middlewares/ST/STM32_USB_Device_Library/Core/Src/usbd_ctlreq.o
 .text.USBD_ParseSetupRequest
                0x000000000800620c       0x74 Middlewares/ST/STM32_USB_Device_Library/Core/Src/usbd_ctlreq.o
                0x000000000800620c                USBD_ParseSetupRequest
 .text.USBD_CtlError
                0x0000000008006280       0x22 Middlewares/ST/STM32_USB_Device_Library/Core/Src/usbd_ctlreq.o
                0x0000000008006280                USBD_CtlError
 .text.USBD_GetString
                0x00000000080062a2       0x8c Middlewares/ST/STM32_USB_Device_Library/Core/Src/usbd_ctlreq.o
                0x00000000080062a2                USBD_GetString
 .text.USBD_GetLen
                0x000000000800632e       0x34 Middlewares/ST/STM32_USB_Device_Library/Core/Src/usbd_ctlreq.o
 .text.USBD_CtlSendData
                0x0000000008006362       0x36 Middlewares/ST/STM32_USB_Device_Library/Core/Src/usbd_ioreq.o
                0x0000000008006362                USBD_CtlSendData
 .text.USBD_CtlContinueSendData
                0x0000000008006398       0x22 Middlewares/ST/STM32_USB_Device_Library/Core/Src/usbd_ioreq.o
                0x0000000008006398                USBD_CtlContinueSendData
 .text.USBD_CtlPrepareRx
                0x00000000080063ba       0x3a Middlewares/ST/STM32_USB_Device_Library/Core/Src/usbd_ioreq.o
                0x00000000080063ba                USBD_CtlPrepareRx
 .text.USBD_CtlContinueRx
                0x00000000080063f4       0x22 Middlewares/ST/STM32_USB_Device_Library/Core/Src/usbd_ioreq.o
                0x00000000080063f4                USBD_CtlContinueRx
 .text.USBD_CtlSendStatus
                0x0000000008006416       0x26 Middlewares/ST/STM32_USB_Device_Library/Core/Src/usbd_ioreq.o
                0x0000000008006416                USBD_CtlSendStatus
 .text.USBD_CtlReceiveStatus
                0x000000000800643c       0x26 Middlewares/ST/STM32_USB_Device_Library/Core/Src/usbd_ioreq.o
                0x000000000800643c                USBD_CtlReceiveStatus
 *fill*         0x0000000008006462        0x2 
 .text.MX_USB_DEVICE_Init
                0x0000000008006464       0x60 USB_DEVICE/App/usb_device.o
                0x0000000008006464                MX_USB_DEVICE_Init
 .text.CDC_Init_FS
                0x00000000080064c4       0x28 USB_DEVICE/App/usbd_cdc_if.o
 .text.CDC_DeInit_FS
                0x00000000080064ec       0x10 USB_DEVICE/App/usbd_cdc_if.o
 .text.CDC_Control_FS
                0x00000000080064fc       0xbc USB_DEVICE/App/usbd_cdc_if.o
 .text.CDC_Receive_FS
                0x00000000080065b8       0x28 USB_DEVICE/App/usbd_cdc_if.o
 .text.CDC_TransmitCplt_FS
                0x00000000080065e0       0x22 USB_DEVICE/App/usbd_cdc_if.o
 *fill*         0x0000000008006602        0x2 
 .text.USBD_FS_DeviceDescriptor
                0x0000000008006604       0x24 USB_DEVICE/App/usbd_desc.o
                0x0000000008006604                USBD_FS_DeviceDescriptor
 .text.USBD_FS_LangIDStrDescriptor
                0x0000000008006628       0x24 USB_DEVICE/App/usbd_desc.o
                0x0000000008006628                USBD_FS_LangIDStrDescriptor
 .text.USBD_FS_ProductStrDescriptor
                0x000000000800664c       0x3c USB_DEVICE/App/usbd_desc.o
                0x000000000800664c                USBD_FS_ProductStrDescriptor
 .text.USBD_FS_ManufacturerStrDescriptor
                0x0000000008006688       0x28 USB_DEVICE/App/usbd_desc.o
                0x0000000008006688                USBD_FS_ManufacturerStrDescriptor
 .text.USBD_FS_SerialStrDescriptor
                0x00000000080066b0       0x24 USB_DEVICE/App/usbd_desc.o
                0x00000000080066b0                USBD_FS_SerialStrDescriptor
 .text.USBD_FS_ConfigStrDescriptor
                0x00000000080066d4       0x3c USB_DEVICE/App/usbd_desc.o
                0x00000000080066d4                USBD_FS_ConfigStrDescriptor
 .text.USBD_FS_InterfaceStrDescriptor
                0x0000000008006710       0x3c USB_DEVICE/App/usbd_desc.o
                0x0000000008006710                USBD_FS_InterfaceStrDescriptor
 .text.Get_SerialNum
                0x000000000800674c       0x58 USB_DEVICE/App/usbd_desc.o
 .text.IntToUnicode
                0x00000000080067a4       0x7c USB_DEVICE/App/usbd_desc.o
 .text.HAL_PCD_MspInit
                0x0000000008006820       0xa8 USB_DEVICE/Target/usbd_conf.o
                0x0000000008006820                HAL_PCD_MspInit
 .text.HAL_PCD_SetupStageCallback
                0x00000000080068c8       0x24 USB_DEVICE/Target/usbd_conf.o
                0x00000000080068c8                HAL_PCD_SetupStageCallback
 .text.HAL_PCD_DataOutStageCallback
                0x00000000080068ec       0x36 USB_DEVICE/Target/usbd_conf.o
                0x00000000080068ec                HAL_PCD_DataOutStageCallback
 .text.HAL_PCD_DataInStageCallback
                0x0000000008006922       0x34 USB_DEVICE/Target/usbd_conf.o
                0x0000000008006922                HAL_PCD_DataInStageCallback
 .text.HAL_PCD_SOFCallback
                0x0000000008006956       0x1c USB_DEVICE/Target/usbd_conf.o
                0x0000000008006956                HAL_PCD_SOFCallback
 .text.HAL_PCD_ResetCallback
                0x0000000008006972       0x50 USB_DEVICE/Target/usbd_conf.o
                0x0000000008006972                HAL_PCD_ResetCallback
 *fill*         0x00000000080069c2        0x2 
 .text.HAL_PCD_SuspendCallback
                0x00000000080069c4       0x4c USB_DEVICE/Target/usbd_conf.o
                0x00000000080069c4                HAL_PCD_SuspendCallback
 .text.HAL_PCD_ResumeCallback
                0x0000000008006a10       0x1c USB_DEVICE/Target/usbd_conf.o
                0x0000000008006a10                HAL_PCD_ResumeCallback
 .text.HAL_PCD_ISOOUTIncompleteCallback
                0x0000000008006a2c       0x24 USB_DEVICE/Target/usbd_conf.o
                0x0000000008006a2c                HAL_PCD_ISOOUTIncompleteCallback
 .text.HAL_PCD_ISOINIncompleteCallback
                0x0000000008006a50       0x24 USB_DEVICE/Target/usbd_conf.o
                0x0000000008006a50                HAL_PCD_ISOINIncompleteCallback
 .text.HAL_PCD_ConnectCallback
                0x0000000008006a74       0x1c USB_DEVICE/Target/usbd_conf.o
                0x0000000008006a74                HAL_PCD_ConnectCallback
 .text.HAL_PCD_DisconnectCallback
                0x0000000008006a90       0x1c USB_DEVICE/Target/usbd_conf.o
                0x0000000008006a90                HAL_PCD_DisconnectCallback
 .text.USBD_LL_Init
                0x0000000008006aac       0x98 USB_DEVICE/Target/usbd_conf.o
                0x0000000008006aac                USBD_LL_Init
 .text.USBD_LL_Start
                0x0000000008006b44       0x36 USB_DEVICE/Target/usbd_conf.o
                0x0000000008006b44                USBD_LL_Start
 .text.USBD_LL_OpenEP
                0x0000000008006b7a       0x4c USB_DEVICE/Target/usbd_conf.o
                0x0000000008006b7a                USBD_LL_OpenEP
 .text.USBD_LL_CloseEP
                0x0000000008006bc6       0x3e USB_DEVICE/Target/usbd_conf.o
                0x0000000008006bc6                USBD_LL_CloseEP
 .text.USBD_LL_StallEP
                0x0000000008006c04       0x3e USB_DEVICE/Target/usbd_conf.o
                0x0000000008006c04                USBD_LL_StallEP
 .text.USBD_LL_ClearStallEP
                0x0000000008006c42       0x3e USB_DEVICE/Target/usbd_conf.o
                0x0000000008006c42                USBD_LL_ClearStallEP
 .text.USBD_LL_IsStallEP
                0x0000000008006c80       0x58 USB_DEVICE/Target/usbd_conf.o
                0x0000000008006c80                USBD_LL_IsStallEP
 .text.USBD_LL_SetUSBAddress
                0x0000000008006cd8       0x3e USB_DEVICE/Target/usbd_conf.o
                0x0000000008006cd8                USBD_LL_SetUSBAddress
 .text.USBD_LL_Transmit
                0x0000000008006d16       0x42 USB_DEVICE/Target/usbd_conf.o
                0x0000000008006d16                USBD_LL_Transmit
 .text.USBD_LL_PrepareReceive
                0x0000000008006d58       0x42 USB_DEVICE/Target/usbd_conf.o
                0x0000000008006d58                USBD_LL_PrepareReceive
 .text.USBD_LL_GetRxDataSize
                0x0000000008006d9a       0x26 USB_DEVICE/Target/usbd_conf.o
                0x0000000008006d9a                USBD_LL_GetRxDataSize
 .text.USBD_Get_USB_Status
                0x0000000008006dc0       0x58 USB_DEVICE/Target/usbd_conf.o
                0x0000000008006dc0                USBD_Get_USB_Status
 .text.__errno  0x0000000008006e18        0xc c:/st/stm32cubeide_1.5.0/stm32cubeide/plugins/com.st.stm32cube.ide.mcu.externaltools.gnu-tools-for-stm32.7-2018-q2-update.win32_1.5.0.202011040924/tools/bin/../lib/gcc/arm-none-eabi/7.3.1/../../../../arm-none-eabi/lib/thumb/v7e-m/fpv4-sp/hard\libc_nano.a(lib_a-errno.o)
                0x0000000008006e18                __errno
 .text.__libc_init_array
                0x0000000008006e24       0x48 c:/st/stm32cubeide_1.5.0/stm32cubeide/plugins/com.st.stm32cube.ide.mcu.externaltools.gnu-tools-for-stm32.7-2018-q2-update.win32_1.5.0.202011040924/tools/bin/../lib/gcc/arm-none-eabi/7.3.1/../../../../arm-none-eabi/lib/thumb/v7e-m/fpv4-sp/hard\libc_nano.a(lib_a-init.o)
                0x0000000008006e24                __libc_init_array
 .text.malloc   0x0000000008006e6c       0x10 c:/st/stm32cubeide_1.5.0/stm32cubeide/plugins/com.st.stm32cube.ide.mcu.externaltools.gnu-tools-for-stm32.7-2018-q2-update.win32_1.5.0.202011040924/tools/bin/../lib/gcc/arm-none-eabi/7.3.1/../../../../arm-none-eabi/lib/thumb/v7e-m/fpv4-sp/hard\libc_nano.a(lib_a-malloc.o)
                0x0000000008006e6c                malloc
 .text.free     0x0000000008006e7c       0x10 c:/st/stm32cubeide_1.5.0/stm32cubeide/plugins/com.st.stm32cube.ide.mcu.externaltools.gnu-tools-for-stm32.7-2018-q2-update.win32_1.5.0.202011040924/tools/bin/../lib/gcc/arm-none-eabi/7.3.1/../../../../arm-none-eabi/lib/thumb/v7e-m/fpv4-sp/hard\libc_nano.a(lib_a-malloc.o)
                0x0000000008006e7c                free
 .text.memset   0x0000000008006e8c       0x10 c:/st/stm32cubeide_1.5.0/stm32cubeide/plugins/com.st.stm32cube.ide.mcu.externaltools.gnu-tools-for-stm32.7-2018-q2-update.win32_1.5.0.202011040924/tools/bin/../lib/gcc/arm-none-eabi/7.3.1/../../../../arm-none-eabi/lib/thumb/v7e-m/fpv4-sp/hard\libc_nano.a(lib_a-memset.o)
                0x0000000008006e8c                memset
 .text._free_r  0x0000000008006e9c       0x9c c:/st/stm32cubeide_1.5.0/stm32cubeide/plugins/com.st.stm32cube.ide.mcu.externaltools.gnu-tools-for-stm32.7-2018-q2-update.win32_1.5.0.202011040924/tools/bin/../lib/gcc/arm-none-eabi/7.3.1/../../../../arm-none-eabi/lib/thumb/v7e-m/fpv4-sp/hard\libc_nano.a(lib_a-nano-freer.o)
                0x0000000008006e9c                _free_r
 .text._malloc_r
                0x0000000008006f38       0xb4 c:/st/stm32cubeide_1.5.0/stm32cubeide/plugins/com.st.stm32cube.ide.mcu.externaltools.gnu-tools-for-stm32.7-2018-q2-update.win32_1.5.0.202011040924/tools/bin/../lib/gcc/arm-none-eabi/7.3.1/../../../../arm-none-eabi/lib/thumb/v7e-m/fpv4-sp/hard\libc_nano.a(lib_a-nano-mallocr.o)
                0x0000000008006f38                _malloc_r
 .text._sbrk_r  0x0000000008006fec       0x20 c:/st/stm32cubeide_1.5.0/stm32cubeide/plugins/com.st.stm32cube.ide.mcu.externaltools.gnu-tools-for-stm32.7-2018-q2-update.win32_1.5.0.202011040924/tools/bin/../lib/gcc/arm-none-eabi/7.3.1/../../../../arm-none-eabi/lib/thumb/v7e-m/fpv4-sp/hard\libc_nano.a(lib_a-sbrkr.o)
                0x0000000008006fec                _sbrk_r
 .text.__malloc_lock
                0x000000000800700c        0x2 c:/st/stm32cubeide_1.5.0/stm32cubeide/plugins/com.st.stm32cube.ide.mcu.externaltools.gnu-tools-for-stm32.7-2018-q2-update.win32_1.5.0.202011040924/tools/bin/../lib/gcc/arm-none-eabi/7.3.1/../../../../arm-none-eabi/lib/thumb/v7e-m/fpv4-sp/hard\libc_nano.a(lib_a-mlock.o)
                0x000000000800700c                __malloc_lock
 .text.__malloc_unlock
                0x000000000800700e        0x2 c:/st/stm32cubeide_1.5.0/stm32cubeide/plugins/com.st.stm32cube.ide.mcu.externaltools.gnu-tools-for-stm32.7-2018-q2-update.win32_1.5.0.202011040924/tools/bin/../lib/gcc/arm-none-eabi/7.3.1/../../../../arm-none-eabi/lib/thumb/v7e-m/fpv4-sp/hard\libc_nano.a(lib_a-mlock.o)
                0x000000000800700e                __malloc_unlock
 *(.glue_7)
 .glue_7        0x0000000008007010        0x0 linker stubs
 *(.glue_7t)
 .glue_7t       0x0000000008007010        0x0 linker stubs
 *(.eh_frame)
 .eh_frame      0x0000000008007010        0x0 c:/st/stm32cubeide_1.5.0/stm32cubeide/plugins/com.st.stm32cube.ide.mcu.externaltools.gnu-tools-for-stm32.7-2018-q2-update.win32_1.5.0.202011040924/tools/bin/../lib/gcc/arm-none-eabi/7.3.1/thumb/v7e-m/fpv4-sp/hard/crtbegin.o
 *(.init)
 .init          0x0000000008007010        0x4 c:/st/stm32cubeide_1.5.0/stm32cubeide/plugins/com.st.stm32cube.ide.mcu.externaltools.gnu-tools-for-stm32.7-2018-q2-update.win32_1.5.0.202011040924/tools/bin/../lib/gcc/arm-none-eabi/7.3.1/thumb/v7e-m/fpv4-sp/hard/crti.o
                0x0000000008007010                _init
 .init          0x0000000008007014        0x8 c:/st/stm32cubeide_1.5.0/stm32cubeide/plugins/com.st.stm32cube.ide.mcu.externaltools.gnu-tools-for-stm32.7-2018-q2-update.win32_1.5.0.202011040924/tools/bin/../lib/gcc/arm-none-eabi/7.3.1/thumb/v7e-m/fpv4-sp/hard/crtn.o
 *(.fini)
 .fini          0x000000000800701c        0x4 c:/st/stm32cubeide_1.5.0/stm32cubeide/plugins/com.st.stm32cube.ide.mcu.externaltools.gnu-tools-for-stm32.7-2018-q2-update.win32_1.5.0.202011040924/tools/bin/../lib/gcc/arm-none-eabi/7.3.1/thumb/v7e-m/fpv4-sp/hard/crti.o
                0x000000000800701c                _fini
 .fini          0x0000000008007020        0x8 c:/st/stm32cubeide_1.5.0/stm32cubeide/plugins/com.st.stm32cube.ide.mcu.externaltools.gnu-tools-for-stm32.7-2018-q2-update.win32_1.5.0.202011040924/tools/bin/../lib/gcc/arm-none-eabi/7.3.1/thumb/v7e-m/fpv4-sp/hard/crtn.o
                0x0000000008007028                . = ALIGN (0x4)
                0x0000000008007028                _etext = .

.vfp11_veneer   0x0000000008007028        0x0
 .vfp11_veneer  0x0000000008007028        0x0 linker stubs

.v4_bx          0x0000000008007028        0x0
 .v4_bx         0x0000000008007028        0x0 linker stubs

.iplt           0x0000000008007028        0x0
 .iplt          0x0000000008007028        0x0 c:/st/stm32cubeide_1.5.0/stm32cubeide/plugins/com.st.stm32cube.ide.mcu.externaltools.gnu-tools-for-stm32.7-2018-q2-update.win32_1.5.0.202011040924/tools/bin/../lib/gcc/arm-none-eabi/7.3.1/thumb/v7e-m/fpv4-sp/hard/crtbegin.o

.rodata         0x0000000008007028       0x60
                0x0000000008007028                . = ALIGN (0x4)
 *(.rodata)
 .rodata        0x0000000008007028       0x46 USB_DEVICE/App/usbd_desc.o
 *(.rodata*)
 *fill*         0x000000000800706e        0x2 
 .rodata.AHBPrescTable
                0x0000000008007070       0x10 Core/Src/system_stm32f4xx.o
                0x0000000008007070                AHBPrescTable
 .rodata.APBPrescTable
                0x0000000008007080        0x8 Core/Src/system_stm32f4xx.o
                0x0000000008007080                APBPrescTable
                0x0000000008007088                . = ALIGN (0x4)

.ARM.extab      0x0000000008007088        0x0
                0x0000000008007088                . = ALIGN (0x4)
 *(.ARM.extab* .gnu.linkonce.armextab.*)
                0x0000000008007088                . = ALIGN (0x4)

.ARM            0x0000000008007088        0x8
                0x0000000008007088                . = ALIGN (0x4)
                0x0000000008007088                __exidx_start = .
 *(.ARM.exidx*)
 .ARM.exidx     0x0000000008007088        0x8 c:/st/stm32cubeide_1.5.0/stm32cubeide/plugins/com.st.stm32cube.ide.mcu.externaltools.gnu-tools-for-stm32.7-2018-q2-update.win32_1.5.0.202011040924/tools/bin/../lib/gcc/arm-none-eabi/7.3.1/thumb/v7e-m/fpv4-sp/hard\libgcc.a(_udivmoddi4.o)
                0x0000000008007090                __exidx_end = .
                0x0000000008007090                . = ALIGN (0x4)

.rel.dyn        0x0000000008007090        0x0
 .rel.iplt      0x0000000008007090        0x0 c:/st/stm32cubeide_1.5.0/stm32cubeide/plugins/com.st.stm32cube.ide.mcu.externaltools.gnu-tools-for-stm32.7-2018-q2-update.win32_1.5.0.202011040924/tools/bin/../lib/gcc/arm-none-eabi/7.3.1/thumb/v7e-m/fpv4-sp/hard/crtbegin.o

.preinit_array  0x0000000008007090        0x0
                0x0000000008007090                . = ALIGN (0x4)
                0x0000000008007090                PROVIDE (__preinit_array_start = .)
 *(.preinit_array*)
                0x0000000008007090                PROVIDE (__preinit_array_end = .)
                0x0000000008007090                . = ALIGN (0x4)

.init_array     0x0000000008007090        0x4
                0x0000000008007090                . = ALIGN (0x4)
                0x0000000008007090                PROVIDE (__init_array_start = .)
 *(SORT_BY_NAME(.init_array.*))
 *(.init_array*)
 .init_array    0x0000000008007090        0x4 c:/st/stm32cubeide_1.5.0/stm32cubeide/plugins/com.st.stm32cube.ide.mcu.externaltools.gnu-tools-for-stm32.7-2018-q2-update.win32_1.5.0.202011040924/tools/bin/../lib/gcc/arm-none-eabi/7.3.1/thumb/v7e-m/fpv4-sp/hard/crtbegin.o
                0x0000000008007094                PROVIDE (__init_array_end = .)
                0x0000000008007094                . = ALIGN (0x4)

.fini_array     0x0000000008007094        0x4
                0x0000000008007094                . = ALIGN (0x4)
                [!provide]                        PROVIDE (__fini_array_start = .)
 *(SORT_BY_NAME(.fini_array.*))
 *(.fini_array*)
 .fini_array    0x0000000008007094        0x4 c:/st/stm32cubeide_1.5.0/stm32cubeide/plugins/com.st.stm32cube.ide.mcu.externaltools.gnu-tools-for-stm32.7-2018-q2-update.win32_1.5.0.202011040924/tools/bin/../lib/gcc/arm-none-eabi/7.3.1/thumb/v7e-m/fpv4-sp/hard/crtbegin.o
                [!provide]                        PROVIDE (__fini_array_end = .)
                0x0000000008007098                . = ALIGN (0x4)
                0x0000000008007098                _sidata = LOADADDR (.data)

.data           0x0000000020000000      0x1e4 load address 0x0000000008007098
                0x0000000020000000                . = ALIGN (0x4)
                0x0000000020000000                _sdata = .
 *(.data)
 *(.data*)
 .data.SystemCoreClock
                0x0000000020000000        0x4 Core/Src/system_stm32f4xx.o
                0x0000000020000000                SystemCoreClock
 .data.uwTickPrio
                0x0000000020000004        0x4 Drivers/STM32F4xx_HAL_Driver/Src/stm32f4xx_hal.o
                0x0000000020000004                uwTickPrio
 .data.uwTickFreq
                0x0000000020000008        0x1 Drivers/STM32F4xx_HAL_Driver/Src/stm32f4xx_hal.o
                0x0000000020000008                uwTickFreq
 *fill*         0x0000000020000009        0x3 
 .data.USBD_CDC_DeviceQualifierDesc
                0x000000002000000c        0xa Middlewares/ST/STM32_USB_Device_Library/Class/CDC/Src/usbd_cdc.o
 *fill*         0x0000000020000016        0x2 
 .data.USBD_CDC
                0x0000000020000018       0x38 Middlewares/ST/STM32_USB_Device_Library/Class/CDC/Src/usbd_cdc.o
                0x0000000020000018                USBD_CDC
 .data.USBD_CDC_CfgHSDesc
                0x0000000020000050       0x43 Middlewares/ST/STM32_USB_Device_Library/Class/CDC/Src/usbd_cdc.o
 *fill*         0x0000000020000093        0x1 
 .data.USBD_CDC_CfgFSDesc
                0x0000000020000094       0x43 Middlewares/ST/STM32_USB_Device_Library/Class/CDC/Src/usbd_cdc.o
 *fill*         0x00000000200000d7        0x1 
 .data.USBD_CDC_OtherSpeedCfgDesc
                0x00000000200000d8       0x43 Middlewares/ST/STM32_USB_Device_Library/Class/CDC/Src/usbd_cdc.o
 *fill*         0x000000002000011b        0x1 
 .data.USBD_Interface_fops_FS
                0x000000002000011c       0x14 USB_DEVICE/App/usbd_cdc_if.o
                0x000000002000011c                USBD_Interface_fops_FS
 .data.FS_Desc  0x0000000020000130       0x1c USB_DEVICE/App/usbd_desc.o
                0x0000000020000130                FS_Desc
 .data.USBD_FS_DeviceDesc
                0x000000002000014c       0x12 USB_DEVICE/App/usbd_desc.o
                0x000000002000014c                USBD_FS_DeviceDesc
 *fill*         0x000000002000015e        0x2 
 .data.USBD_LangIDDesc
                0x0000000020000160        0x4 USB_DEVICE/App/usbd_desc.o
                0x0000000020000160                USBD_LangIDDesc
 .data.USBD_StringSerial
                0x0000000020000164       0x1a USB_DEVICE/App/usbd_desc.o
                0x0000000020000164                USBD_StringSerial
 *fill*         0x000000002000017e        0x2 
 .data._impure_ptr
                0x0000000020000180        0x4 c:/st/stm32cubeide_1.5.0/stm32cubeide/plugins/com.st.stm32cube.ide.mcu.externaltools.gnu-tools-for-stm32.7-2018-q2-update.win32_1.5.0.202011040924/tools/bin/../lib/gcc/arm-none-eabi/7.3.1/../../../../arm-none-eabi/lib/thumb/v7e-m/fpv4-sp/hard\libc_nano.a(lib_a-impure.o)
                0x0000000020000180                _impure_ptr
 .data.impure_data
                0x0000000020000184       0x60 c:/st/stm32cubeide_1.5.0/stm32cubeide/plugins/com.st.stm32cube.ide.mcu.externaltools.gnu-tools-for-stm32.7-2018-q2-update.win32_1.5.0.202011040924/tools/bin/../lib/gcc/arm-none-eabi/7.3.1/../../../../arm-none-eabi/lib/thumb/v7e-m/fpv4-sp/hard\libc_nano.a(lib_a-impure.o)
 *(.RamFunc)
 *(.RamFunc*)
                0x00000000200001e4                . = ALIGN (0x4)
                0x00000000200001e4                _edata = .

.igot.plt       0x00000000200001e4        0x0 load address 0x000000000800727c
 .igot.plt      0x00000000200001e4        0x0 c:/st/stm32cubeide_1.5.0/stm32cubeide/plugins/com.st.stm32cube.ide.mcu.externaltools.gnu-tools-for-stm32.7-2018-q2-update.win32_1.5.0.202011040924/tools/bin/../lib/gcc/arm-none-eabi/7.3.1/thumb/v7e-m/fpv4-sp/hard/crtbegin.o
                0x00000000200001e4                . = ALIGN (0x4)

.bss            0x00000000200001e4     0x194c load address 0x000000000800727c
                0x00000000200001e4                _sbss = .
                0x00000000200001e4                __bss_start__ = _sbss
 *(.bss)
 .bss           0x00000000200001e4       0x1c c:/st/stm32cubeide_1.5.0/stm32cubeide/plugins/com.st.stm32cube.ide.mcu.externaltools.gnu-tools-for-stm32.7-2018-q2-update.win32_1.5.0.202011040924/tools/bin/../lib/gcc/arm-none-eabi/7.3.1/thumb/v7e-m/fpv4-sp/hard/crtbegin.o
 *(.bss*)
 .bss.huart1    0x0000000020000200       0x40 Core/Src/main.o
                0x0000000020000200                huart1
 .bss.__sbrk_heap_end
                0x0000000020000240        0x4 Core/Src/sysmem.o
 .bss.cfgidx.9788
                0x0000000020000244        0x1 Middlewares/ST/STM32_USB_Device_Library/Core/Src/usbd_ctlreq.o
 *fill*         0x0000000020000245        0x3 
 .bss.__malloc_free_list
                0x0000000020000248        0x4 c:/st/stm32cubeide_1.5.0/stm32cubeide/plugins/com.st.stm32cube.ide.mcu.externaltools.gnu-tools-for-stm32.7-2018-q2-update.win32_1.5.0.202011040924/tools/bin/../lib/gcc/arm-none-eabi/7.3.1/../../../../arm-none-eabi/lib/thumb/v7e-m/fpv4-sp/hard\libc_nano.a(lib_a-nano-mallocr.o)
                0x0000000020000248                __malloc_free_list
 .bss.__malloc_sbrk_start
                0x000000002000024c        0x4 c:/st/stm32cubeide_1.5.0/stm32cubeide/plugins/com.st.stm32cube.ide.mcu.externaltools.gnu-tools-for-stm32.7-2018-q2-update.win32_1.5.0.202011040924/tools/bin/../lib/gcc/arm-none-eabi/7.3.1/../../../../arm-none-eabi/lib/thumb/v7e-m/fpv4-sp/hard\libc_nano.a(lib_a-nano-mallocr.o)
                0x000000002000024c                __malloc_sbrk_start
 *(COMMON)
 COMMON         0x0000000020000250        0x4 Drivers/STM32F4xx_HAL_Driver/Src/stm32f4xx_hal.o
                0x0000000020000250                uwTick
 COMMON         0x0000000020000254      0x2d0 USB_DEVICE/App/usb_device.o
                0x0000000020000254                hUsbDeviceFS
 COMMON         0x0000000020000524     0x1000 USB_DEVICE/App/usbd_cdc_if.o
                0x0000000020000524                UserRxBufferFS
                0x0000000020000d24                UserTxBufferFS
 COMMON         0x0000000020001524      0x200 USB_DEVICE/App/usbd_desc.o
                0x0000000020001524                USBD_StrDesc
 COMMON         0x0000000020001724      0x408 USB_DEVICE/Target/usbd_conf.o
                0x0000000020001724                hpcd_USB_OTG_FS
 COMMON         0x0000000020001b2c        0x4 c:/st/stm32cubeide_1.5.0/stm32cubeide/plugins/com.st.stm32cube.ide.mcu.externaltools.gnu-tools-for-stm32.7-2018-q2-update.win32_1.5.0.202011040924/tools/bin/../lib/gcc/arm-none-eabi/7.3.1/../../../../arm-none-eabi/lib/thumb/v7e-m/fpv4-sp/hard\libc_nano.a(lib_a-reent.o)
                0x0000000020001b2c                errno
                0x0000000020001b30                . = ALIGN (0x4)
                0x0000000020001b30                _ebss = .
                0x0000000020001b30                __bss_end__ = _ebss

._user_heap_stack
                0x0000000020001b30      0x600 load address 0x000000000800727c
                0x0000000020001b30                . = ALIGN (0x8)
                [!provide]                        PROVIDE (end = .)
                0x0000000020001b30                PROVIDE (_end = .)
                0x0000000020001d30                . = (. + _Min_Heap_Size)
 *fill*         0x0000000020001b30      0x200 
                0x0000000020002130                . = (. + _Min_Stack_Size)
 *fill*         0x0000000020001d30      0x400 
                0x0000000020002130                . = ALIGN (0x8)

/DISCARD/
 libc.a(*)
 libm.a(*)
 libgcc.a(*)

.ARM.attributes
                0x0000000000000000       0x30
 *(.ARM.attributes)
 .ARM.attributes
                0x0000000000000000       0x22 c:/st/stm32cubeide_1.5.0/stm32cubeide/plugins/com.st.stm32cube.ide.mcu.externaltools.gnu-tools-for-stm32.7-2018-q2-update.win32_1.5.0.202011040924/tools/bin/../lib/gcc/arm-none-eabi/7.3.1/thumb/v7e-m/fpv4-sp/hard/crti.o
 .ARM.attributes
                0x0000000000000022       0x34 c:/st/stm32cubeide_1.5.0/stm32cubeide/plugins/com.st.stm32cube.ide.mcu.externaltools.gnu-tools-for-stm32.7-2018-q2-update.win32_1.5.0.202011040924/tools/bin/../lib/gcc/arm-none-eabi/7.3.1/thumb/v7e-m/fpv4-sp/hard/crtbegin.o
 .ARM.attributes
                0x0000000000000056       0x39 Core/Src/Cytron.o
 .ARM.attributes
                0x000000000000008f       0x39 Core/Src/main.o
 .ARM.attributes
                0x00000000000000c8       0x39 Core/Src/stm32f4xx_hal_msp.o
 .ARM.attributes
                0x0000000000000101       0x39 Core/Src/stm32f4xx_it.o
 .ARM.attributes
                0x000000000000013a       0x39 Core/Src/sysmem.o
 .ARM.attributes
                0x0000000000000173       0x39 Core/Src/system_stm32f4xx.o
 .ARM.attributes
                0x00000000000001ac       0x21 Core/Startup/startup_stm32f405zgtx.o
 .ARM.attributes
                0x00000000000001cd       0x39 Drivers/STM32F4xx_HAL_Driver/Src/stm32f4xx_hal.o
 .ARM.attributes
                0x0000000000000206       0x39 Drivers/STM32F4xx_HAL_Driver/Src/stm32f4xx_hal_cortex.o
 .ARM.attributes
                0x000000000000023f       0x39 Drivers/STM32F4xx_HAL_Driver/Src/stm32f4xx_hal_gpio.o
 .ARM.attributes
                0x0000000000000278       0x39 Drivers/STM32F4xx_HAL_Driver/Src/stm32f4xx_hal_pcd.o
 .ARM.attributes
                0x00000000000002b1       0x39 Drivers/STM32F4xx_HAL_Driver/Src/stm32f4xx_hal_pcd_ex.o
 .ARM.attributes
                0x00000000000002ea       0x39 Drivers/STM32F4xx_HAL_Driver/Src/stm32f4xx_hal_rcc.o
 .ARM.attributes
                0x0000000000000323       0x39 Drivers/STM32F4xx_HAL_Driver/Src/stm32f4xx_hal_uart.o
 .ARM.attributes
                0x000000000000035c       0x39 Drivers/STM32F4xx_HAL_Driver/Src/stm32f4xx_ll_usb.o
 .ARM.attributes
                0x0000000000000395       0x39 Middlewares/ST/STM32_USB_Device_Library/Class/CDC/Src/usbd_cdc.o
 .ARM.attributes
                0x00000000000003ce       0x39 Middlewares/ST/STM32_USB_Device_Library/Core/Src/usbd_core.o
 .ARM.attributes
                0x0000000000000407       0x39 Middlewares/ST/STM32_USB_Device_Library/Core/Src/usbd_ctlreq.o
 .ARM.attributes
                0x0000000000000440       0x39 Middlewares/ST/STM32_USB_Device_Library/Core/Src/usbd_ioreq.o
 .ARM.attributes
                0x0000000000000479       0x39 USB_DEVICE/App/usb_device.o
 .ARM.attributes
                0x00000000000004b2       0x39 USB_DEVICE/App/usbd_cdc_if.o
 .ARM.attributes
                0x00000000000004eb       0x39 USB_DEVICE/App/usbd_desc.o
 .ARM.attributes
                0x0000000000000524       0x39 USB_DEVICE/Target/usbd_conf.o
 .ARM.attributes
                0x000000000000055d       0x34 c:/st/stm32cubeide_1.5.0/stm32cubeide/plugins/com.st.stm32cube.ide.mcu.externaltools.gnu-tools-for-stm32.7-2018-q2-update.win32_1.5.0.202011040924/tools/bin/../lib/gcc/arm-none-eabi/7.3.1/../../../../arm-none-eabi/lib/thumb/v7e-m/fpv4-sp/hard\libc_nano.a(lib_a-errno.o)
 .ARM.attributes
                0x0000000000000591       0x34 c:/st/stm32cubeide_1.5.0/stm32cubeide/plugins/com.st.stm32cube.ide.mcu.externaltools.gnu-tools-for-stm32.7-2018-q2-update.win32_1.5.0.202011040924/tools/bin/../lib/gcc/arm-none-eabi/7.3.1/../../../../arm-none-eabi/lib/thumb/v7e-m/fpv4-sp/hard\libc_nano.a(lib_a-impure.o)
 .ARM.attributes
                0x00000000000005c5       0x34 c:/st/stm32cubeide_1.5.0/stm32cubeide/plugins/com.st.stm32cube.ide.mcu.externaltools.gnu-tools-for-stm32.7-2018-q2-update.win32_1.5.0.202011040924/tools/bin/../lib/gcc/arm-none-eabi/7.3.1/../../../../arm-none-eabi/lib/thumb/v7e-m/fpv4-sp/hard\libc_nano.a(lib_a-init.o)
 .ARM.attributes
                0x00000000000005f9       0x34 c:/st/stm32cubeide_1.5.0/stm32cubeide/plugins/com.st.stm32cube.ide.mcu.externaltools.gnu-tools-for-stm32.7-2018-q2-update.win32_1.5.0.202011040924/tools/bin/../lib/gcc/arm-none-eabi/7.3.1/../../../../arm-none-eabi/lib/thumb/v7e-m/fpv4-sp/hard\libc_nano.a(lib_a-malloc.o)
 .ARM.attributes
                0x000000000000062d       0x34 c:/st/stm32cubeide_1.5.0/stm32cubeide/plugins/com.st.stm32cube.ide.mcu.externaltools.gnu-tools-for-stm32.7-2018-q2-update.win32_1.5.0.202011040924/tools/bin/../lib/gcc/arm-none-eabi/7.3.1/../../../../arm-none-eabi/lib/thumb/v7e-m/fpv4-sp/hard\libc_nano.a(lib_a-memset.o)
 .ARM.attributes
                0x0000000000000661       0x34 c:/st/stm32cubeide_1.5.0/stm32cubeide/plugins/com.st.stm32cube.ide.mcu.externaltools.gnu-tools-for-stm32.7-2018-q2-update.win32_1.5.0.202011040924/tools/bin/../lib/gcc/arm-none-eabi/7.3.1/../../../../arm-none-eabi/lib/thumb/v7e-m/fpv4-sp/hard\libc_nano.a(lib_a-nano-freer.o)
 .ARM.attributes
                0x0000000000000695       0x34 c:/st/stm32cubeide_1.5.0/stm32cubeide/plugins/com.st.stm32cube.ide.mcu.externaltools.gnu-tools-for-stm32.7-2018-q2-update.win32_1.5.0.202011040924/tools/bin/../lib/gcc/arm-none-eabi/7.3.1/../../../../arm-none-eabi/lib/thumb/v7e-m/fpv4-sp/hard\libc_nano.a(lib_a-nano-mallocr.o)
 .ARM.attributes
                0x00000000000006c9       0x34 c:/st/stm32cubeide_1.5.0/stm32cubeide/plugins/com.st.stm32cube.ide.mcu.externaltools.gnu-tools-for-stm32.7-2018-q2-update.win32_1.5.0.202011040924/tools/bin/../lib/gcc/arm-none-eabi/7.3.1/../../../../arm-none-eabi/lib/thumb/v7e-m/fpv4-sp/hard\libc_nano.a(lib_a-sbrkr.o)
 .ARM.attributes
                0x00000000000006fd       0x34 c:/st/stm32cubeide_1.5.0/stm32cubeide/plugins/com.st.stm32cube.ide.mcu.externaltools.gnu-tools-for-stm32.7-2018-q2-update.win32_1.5.0.202011040924/tools/bin/../lib/gcc/arm-none-eabi/7.3.1/../../../../arm-none-eabi/lib/thumb/v7e-m/fpv4-sp/hard\libc_nano.a(lib_a-mlock.o)
 .ARM.attributes
                0x0000000000000731       0x34 c:/st/stm32cubeide_1.5.0/stm32cubeide/plugins/com.st.stm32cube.ide.mcu.externaltools.gnu-tools-for-stm32.7-2018-q2-update.win32_1.5.0.202011040924/tools/bin/../lib/gcc/arm-none-eabi/7.3.1/../../../../arm-none-eabi/lib/thumb/v7e-m/fpv4-sp/hard\libc_nano.a(lib_a-reent.o)
 .ARM.attributes
                0x0000000000000765       0x22 c:/st/stm32cubeide_1.5.0/stm32cubeide/plugins/com.st.stm32cube.ide.mcu.externaltools.gnu-tools-for-stm32.7-2018-q2-update.win32_1.5.0.202011040924/tools/bin/../lib/gcc/arm-none-eabi/7.3.1/thumb/v7e-m/fpv4-sp/hard\libgcc.a(_aeabi_uldivmod.o)
 .ARM.attributes
                0x0000000000000787       0x34 c:/st/stm32cubeide_1.5.0/stm32cubeide/plugins/com.st.stm32cube.ide.mcu.externaltools.gnu-tools-for-stm32.7-2018-q2-update.win32_1.5.0.202011040924/tools/bin/../lib/gcc/arm-none-eabi/7.3.1/thumb/v7e-m/fpv4-sp/hard\libgcc.a(_udivmoddi4.o)
 .ARM.attributes
                0x00000000000007bb       0x22 c:/st/stm32cubeide_1.5.0/stm32cubeide/plugins/com.st.stm32cube.ide.mcu.externaltools.gnu-tools-for-stm32.7-2018-q2-update.win32_1.5.0.202011040924/tools/bin/../lib/gcc/arm-none-eabi/7.3.1/thumb/v7e-m/fpv4-sp/hard\libgcc.a(_dvmd_tls.o)
 .ARM.attributes
                0x00000000000007dd       0x22 c:/st/stm32cubeide_1.5.0/stm32cubeide/plugins/com.st.stm32cube.ide.mcu.externaltools.gnu-tools-for-stm32.7-2018-q2-update.win32_1.5.0.202011040924/tools/bin/../lib/gcc/arm-none-eabi/7.3.1/thumb/v7e-m/fpv4-sp/hard/crtn.o
OUTPUT(Cytron_Serial_Packetized.elf elf32-littlearm)

.debug_info     0x0000000000000000    0x15f95
 .debug_info    0x0000000000000000     0x187c Core/Src/Cytron.o
 .debug_info    0x000000000000187c     0x2293 Core/Src/main.o
 .debug_info    0x0000000000003b0f      0x941 Core/Src/stm32f4xx_hal_msp.o
 .debug_info    0x0000000000004450      0x675 Core/Src/stm32f4xx_it.o
 .debug_info    0x0000000000004ac5      0x985 Core/Src/sysmem.o
 .debug_info    0x000000000000544a      0x554 Core/Src/system_stm32f4xx.o
 .debug_info    0x000000000000599e       0x22 Core/Startup/startup_stm32f405zgtx.o
 .debug_info    0x00000000000059c0      0x933 Drivers/STM32F4xx_HAL_Driver/Src/stm32f4xx_hal.o
 .debug_info    0x00000000000062f3      0xe16 Drivers/STM32F4xx_HAL_Driver/Src/stm32f4xx_hal_cortex.o
 .debug_info    0x0000000000007109      0x7b5 Drivers/STM32F4xx_HAL_Driver/Src/stm32f4xx_hal_gpio.o
 .debug_info    0x00000000000078be     0x11ca Drivers/STM32F4xx_HAL_Driver/Src/stm32f4xx_hal_pcd.o
 .debug_info    0x0000000000008a88      0x753 Drivers/STM32F4xx_HAL_Driver/Src/stm32f4xx_hal_pcd_ex.o
 .debug_info    0x00000000000091db      0x904 Drivers/STM32F4xx_HAL_Driver/Src/stm32f4xx_hal_rcc.o
 .debug_info    0x0000000000009adf     0x124c Drivers/STM32F4xx_HAL_Driver/Src/stm32f4xx_hal_uart.o
 .debug_info    0x000000000000ad2b     0x18dd Drivers/STM32F4xx_HAL_Driver/Src/stm32f4xx_ll_usb.o
 .debug_info    0x000000000000c608     0x1800 Middlewares/ST/STM32_USB_Device_Library/Class/CDC/Src/usbd_cdc.o
 .debug_info    0x000000000000de08     0x1285 Middlewares/ST/STM32_USB_Device_Library/Core/Src/usbd_core.o
 .debug_info    0x000000000000f08d     0x123d Middlewares/ST/STM32_USB_Device_Library/Core/Src/usbd_ctlreq.o
 .debug_info    0x00000000000102ca      0xf88 Middlewares/ST/STM32_USB_Device_Library/Core/Src/usbd_ioreq.o
 .debug_info    0x0000000000011252      0xefb USB_DEVICE/App/usb_device.o
 .debug_info    0x000000000001214d     0x110d USB_DEVICE/App/usbd_cdc_if.o
 .debug_info    0x000000000001325a      0xd20 USB_DEVICE/App/usbd_desc.o
 .debug_info    0x0000000000013f7a     0x201b USB_DEVICE/Target/usbd_conf.o

.debug_abbrev   0x0000000000000000     0x3267
 .debug_abbrev  0x0000000000000000      0x371 Core/Src/Cytron.o
 .debug_abbrev  0x0000000000000371      0x3d3 Core/Src/main.o
 .debug_abbrev  0x0000000000000744      0x18c Core/Src/stm32f4xx_hal_msp.o
 .debug_abbrev  0x00000000000008d0      0x164 Core/Src/stm32f4xx_it.o
 .debug_abbrev  0x0000000000000a34      0x19b Core/Src/sysmem.o
 .debug_abbrev  0x0000000000000bcf      0x12b Core/Src/system_stm32f4xx.o
 .debug_abbrev  0x0000000000000cfa       0x12 Core/Startup/startup_stm32f405zgtx.o
 .debug_abbrev  0x0000000000000d0c      0x1c7 Drivers/STM32F4xx_HAL_Driver/Src/stm32f4xx_hal.o
 .debug_abbrev  0x0000000000000ed3      0x2fa Drivers/STM32F4xx_HAL_Driver/Src/stm32f4xx_hal_cortex.o
 .debug_abbrev  0x00000000000011cd      0x1c9 Drivers/STM32F4xx_HAL_Driver/Src/stm32f4xx_hal_gpio.o
 .debug_abbrev  0x0000000000001396      0x266 Drivers/STM32F4xx_HAL_Driver/Src/stm32f4xx_hal_pcd.o
 .debug_abbrev  0x00000000000015fc      0x1cf Drivers/STM32F4xx_HAL_Driver/Src/stm32f4xx_hal_pcd_ex.o
 .debug_abbrev  0x00000000000017cb      0x245 Drivers/STM32F4xx_HAL_Driver/Src/stm32f4xx_hal_rcc.o
 .debug_abbrev  0x0000000000001a10      0x242 Drivers/STM32F4xx_HAL_Driver/Src/stm32f4xx_hal_uart.o
 .debug_abbrev  0x0000000000001c52      0x26d Drivers/STM32F4xx_HAL_Driver/Src/stm32f4xx_ll_usb.o
 .debug_abbrev  0x0000000000001ebf      0x2bc Middlewares/ST/STM32_USB_Device_Library/Class/CDC/Src/usbd_cdc.o
 .debug_abbrev  0x000000000000217b      0x27d Middlewares/ST/STM32_USB_Device_Library/Core/Src/usbd_core.o
 .debug_abbrev  0x00000000000023f8      0x2ba Middlewares/ST/STM32_USB_Device_Library/Core/Src/usbd_ctlreq.o
 .debug_abbrev  0x00000000000026b2      0x1fc Middlewares/ST/STM32_USB_Device_Library/Core/Src/usbd_ioreq.o
 .debug_abbrev  0x00000000000028ae      0x1da USB_DEVICE/App/usb_device.o
 .debug_abbrev  0x0000000000002a88      0x2ca USB_DEVICE/App/usbd_cdc_if.o
 .debug_abbrev  0x0000000000002d52      0x265 USB_DEVICE/App/usbd_desc.o
 .debug_abbrev  0x0000000000002fb7      0x2b0 USB_DEVICE/Target/usbd_conf.o

.debug_aranges  0x0000000000000000      0xd48
 .debug_aranges
                0x0000000000000000       0x50 Core/Src/Cytron.o
 .debug_aranges
                0x0000000000000050       0x40 Core/Src/main.o
 .debug_aranges
                0x0000000000000090       0x30 Core/Src/stm32f4xx_hal_msp.o
 .debug_aranges
                0x00000000000000c0       0x68 Core/Src/stm32f4xx_it.o
 .debug_aranges
                0x0000000000000128       0x20 Core/Src/sysmem.o
 .debug_aranges
                0x0000000000000148       0x28 Core/Src/system_stm32f4xx.o
 .debug_aranges
                0x0000000000000170       0x28 Core/Startup/startup_stm32f405zgtx.o
 .debug_aranges
                0x0000000000000198       0xf0 Drivers/STM32F4xx_HAL_Driver/Src/stm32f4xx_hal.o
 .debug_aranges
                0x0000000000000288      0x118 Drivers/STM32F4xx_HAL_Driver/Src/stm32f4xx_hal_cortex.o
 .debug_aranges
                0x00000000000003a0       0x58 Drivers/STM32F4xx_HAL_Driver/Src/stm32f4xx_hal_gpio.o
 .debug_aranges
                0x00000000000003f8      0x138 Drivers/STM32F4xx_HAL_Driver/Src/stm32f4xx_hal_pcd.o
 .debug_aranges
                0x0000000000000530       0x38 Drivers/STM32F4xx_HAL_Driver/Src/stm32f4xx_hal_pcd_ex.o
 .debug_aranges
                0x0000000000000568       0x88 Drivers/STM32F4xx_HAL_Driver/Src/stm32f4xx_hal_rcc.o
 .debug_aranges
                0x00000000000005f0      0x1d0 Drivers/STM32F4xx_HAL_Driver/Src/stm32f4xx_hal_uart.o
 .debug_aranges
                0x00000000000007c0      0x198 Drivers/STM32F4xx_HAL_Driver/Src/stm32f4xx_ll_usb.o
 .debug_aranges
                0x0000000000000958       0x90 Middlewares/ST/STM32_USB_Device_Library/Class/CDC/Src/usbd_cdc.o
 .debug_aranges
                0x00000000000009e8       0xb8 Middlewares/ST/STM32_USB_Device_Library/Core/Src/usbd_core.o
 .debug_aranges
                0x0000000000000aa0       0x90 Middlewares/ST/STM32_USB_Device_Library/Core/Src/usbd_ctlreq.o
 .debug_aranges
                0x0000000000000b30       0x50 Middlewares/ST/STM32_USB_Device_Library/Core/Src/usbd_ioreq.o
 .debug_aranges
                0x0000000000000b80       0x20 USB_DEVICE/App/usb_device.o
 .debug_aranges
                0x0000000000000ba0       0x48 USB_DEVICE/App/usbd_cdc_if.o
 .debug_aranges
                0x0000000000000be8       0x60 USB_DEVICE/App/usbd_desc.o
 .debug_aranges
                0x0000000000000c48      0x100 USB_DEVICE/Target/usbd_conf.o

.debug_ranges   0x0000000000000000      0xbe0
 .debug_ranges  0x0000000000000000       0x40 Core/Src/Cytron.o
 .debug_ranges  0x0000000000000040       0x30 Core/Src/main.o
 .debug_ranges  0x0000000000000070       0x20 Core/Src/stm32f4xx_hal_msp.o
 .debug_ranges  0x0000000000000090       0x58 Core/Src/stm32f4xx_it.o
 .debug_ranges  0x00000000000000e8       0x10 Core/Src/sysmem.o
 .debug_ranges  0x00000000000000f8       0x18 Core/Src/system_stm32f4xx.o
 .debug_ranges  0x0000000000000110       0x20 Core/Startup/startup_stm32f405zgtx.o
 .debug_ranges  0x0000000000000130       0xe0 Drivers/STM32F4xx_HAL_Driver/Src/stm32f4xx_hal.o
 .debug_ranges  0x0000000000000210      0x108 Drivers/STM32F4xx_HAL_Driver/Src/stm32f4xx_hal_cortex.o
 .debug_ranges  0x0000000000000318       0x48 Drivers/STM32F4xx_HAL_Driver/Src/stm32f4xx_hal_gpio.o
 .debug_ranges  0x0000000000000360      0x128 Drivers/STM32F4xx_HAL_Driver/Src/stm32f4xx_hal_pcd.o
 .debug_ranges  0x0000000000000488       0x28 Drivers/STM32F4xx_HAL_Driver/Src/stm32f4xx_hal_pcd_ex.o
 .debug_ranges  0x00000000000004b0       0x78 Drivers/STM32F4xx_HAL_Driver/Src/stm32f4xx_hal_rcc.o
 .debug_ranges  0x0000000000000528      0x1c0 Drivers/STM32F4xx_HAL_Driver/Src/stm32f4xx_hal_uart.o
 .debug_ranges  0x00000000000006e8      0x188 Drivers/STM32F4xx_HAL_Driver/Src/stm32f4xx_ll_usb.o
 .debug_ranges  0x0000000000000870       0x80 Middlewares/ST/STM32_USB_Device_Library/Class/CDC/Src/usbd_cdc.o
 .debug_ranges  0x00000000000008f0       0xa8 Middlewares/ST/STM32_USB_Device_Library/Core/Src/usbd_core.o
 .debug_ranges  0x0000000000000998       0x80 Middlewares/ST/STM32_USB_Device_Library/Core/Src/usbd_ctlreq.o
 .debug_ranges  0x0000000000000a18       0x40 Middlewares/ST/STM32_USB_Device_Library/Core/Src/usbd_ioreq.o
 .debug_ranges  0x0000000000000a58       0x10 USB_DEVICE/App/usb_device.o
 .debug_ranges  0x0000000000000a68       0x38 USB_DEVICE/App/usbd_cdc_if.o
 .debug_ranges  0x0000000000000aa0       0x50 USB_DEVICE/App/usbd_desc.o
 .debug_ranges  0x0000000000000af0       0xf0 USB_DEVICE/Target/usbd_conf.o

.debug_macro    0x0000000000000000    0x24951
 .debug_macro   0x0000000000000000      0x327 Core/Src/Cytron.o
 .debug_macro   0x0000000000000327      0xb32 Core/Src/Cytron.o
 .debug_macro   0x0000000000000e59       0x2e Core/Src/Cytron.o
 .debug_macro   0x0000000000000e87       0x2f Core/Src/Cytron.o
 .debug_macro   0x0000000000000eb6       0x1c Core/Src/Cytron.o
 .debug_macro   0x0000000000000ed2       0x22 Core/Src/Cytron.o
 .debug_macro   0x0000000000000ef4       0x8e Core/Src/Cytron.o
 .debug_macro   0x0000000000000f82       0x51 Core/Src/Cytron.o
 .debug_macro   0x0000000000000fd3       0xef Core/Src/Cytron.o
 .debug_macro   0x00000000000010c2       0x6a Core/Src/Cytron.o
 .debug_macro   0x000000000000112c      0x1df Core/Src/Cytron.o
 .debug_macro   0x000000000000130b       0x1c Core/Src/Cytron.o
 .debug_macro   0x0000000000001327       0x22 Core/Src/Cytron.o
 .debug_macro   0x0000000000001349       0xdf Core/Src/Cytron.o
 .debug_macro   0x0000000000001428     0x102d Core/Src/Cytron.o
 .debug_macro   0x0000000000002455      0x11f Core/Src/Cytron.o
 .debug_macro   0x0000000000002574    0x14251 Core/Src/Cytron.o
 .debug_macro   0x00000000000167c5       0x43 Core/Src/Cytron.o
 .debug_macro   0x0000000000016808      0x294 Core/Src/Cytron.o
 .debug_macro   0x0000000000016a9c     0x3659 Core/Src/Cytron.o
 .debug_macro   0x000000000001a0f5      0x17b Core/Src/Cytron.o
 .debug_macro   0x000000000001a270       0x5a Core/Src/Cytron.o
 .debug_macro   0x000000000001a2ca      0x8a7 Core/Src/Cytron.o
 .debug_macro   0x000000000001ab71      0x9fe Core/Src/Cytron.o
 .debug_macro   0x000000000001b56f      0x117 Core/Src/Cytron.o
 .debug_macro   0x000000000001b686      0x130 Core/Src/Cytron.o
 .debug_macro   0x000000000001b7b6       0x27 Core/Src/Cytron.o
 .debug_macro   0x000000000001b7dd      0x174 Core/Src/Cytron.o
 .debug_macro   0x000000000001b951      0x287 Core/Src/Cytron.o
 .debug_macro   0x000000000001bbd8       0x5f Core/Src/Cytron.o
 .debug_macro   0x000000000001bc37      0x236 Core/Src/Cytron.o
 .debug_macro   0x000000000001be6d      0x12c Core/Src/Cytron.o
 .debug_macro   0x000000000001bf99      0x21e Core/Src/Cytron.o
 .debug_macro   0x000000000001c1b7       0x2e Core/Src/Cytron.o
 .debug_macro   0x000000000001c1e5      0x11a Core/Src/Cytron.o
 .debug_macro   0x000000000001c2ff       0x7e Core/Src/Cytron.o
 .debug_macro   0x000000000001c37d       0x89 Core/Src/Cytron.o
 .debug_macro   0x000000000001c406      0x287 Core/Src/Cytron.o
 .debug_macro   0x000000000001c68d      0x21e Core/Src/Cytron.o
 .debug_macro   0x000000000001c8ab       0xba Core/Src/Cytron.o
 .debug_macro   0x000000000001c965      0x12d Core/Src/Cytron.o
 .debug_macro   0x000000000001ca92      0x168 Core/Src/Cytron.o
 .debug_macro   0x000000000001cbfa       0x10 Core/Src/Cytron.o
 .debug_macro   0x000000000001cc0a      0x3f4 Core/Src/Cytron.o
 .debug_macro   0x000000000001cffe       0x18 Core/Src/Cytron.o
 .debug_macro   0x000000000001d016       0x46 Core/Src/Cytron.o
 .debug_macro   0x000000000001d05c       0x18 Core/Src/Cytron.o
 .debug_macro   0x000000000001d074       0x3c Core/Src/Cytron.o
 .debug_macro   0x000000000001d0b0       0x34 Core/Src/Cytron.o
 .debug_macro   0x000000000001d0e4       0x52 Core/Src/Cytron.o
 .debug_macro   0x000000000001d136       0x1f Core/Src/Cytron.o
 .debug_macro   0x000000000001d155       0x43 Core/Src/Cytron.o
 .debug_macro   0x000000000001d198       0x20 Core/Src/Cytron.o
 .debug_macro   0x000000000001d1b8      0x1a3 Core/Src/Cytron.o
 .debug_macro   0x000000000001d35b      0x34d Core/Src/Cytron.o
 .debug_macro   0x000000000001d6a8      0x1da Core/Src/Cytron.o
 .debug_macro   0x000000000001d882       0x10 Core/Src/Cytron.o
 .debug_macro   0x000000000001d892       0x16 Core/Src/Cytron.o
 .debug_macro   0x000000000001d8a8       0x35 Core/Src/Cytron.o
 .debug_macro   0x000000000001d8dd       0x16 Core/Src/Cytron.o
 .debug_macro   0x000000000001d8f3       0x29 Core/Src/Cytron.o
 .debug_macro   0x000000000001d91c       0x10 Core/Src/Cytron.o
 .debug_macro   0x000000000001d92c      0x3c7 Core/Src/Cytron.o
 .debug_macro   0x000000000001dcf3       0x10 Core/Src/Cytron.o
 .debug_macro   0x000000000001dd03      0x467 Core/Src/main.o
 .debug_macro   0x000000000001e16a       0x16 Core/Src/main.o
 .debug_macro   0x000000000001e180       0x10 Core/Src/main.o
 .debug_macro   0x000000000001e190       0x10 Core/Src/main.o
 .debug_macro   0x000000000001e1a0       0x1c Core/Src/main.o
 .debug_macro   0x000000000001e1bc       0x52 Core/Src/main.o
 .debug_macro   0x000000000001e20e       0x40 Core/Src/main.o
 .debug_macro   0x000000000001e24e       0x10 Core/Src/main.o
 .debug_macro   0x000000000001e25e       0x40 Core/Src/main.o
 .debug_macro   0x000000000001e29e       0xd7 Core/Src/main.o
 .debug_macro   0x000000000001e375       0x1c Core/Src/main.o
 .debug_macro   0x000000000001e391       0x3d Core/Src/main.o
 .debug_macro   0x000000000001e3ce       0x16 Core/Src/main.o
 .debug_macro   0x000000000001e3e4      0x137 Core/Src/main.o
 .debug_macro   0x000000000001e51b       0x10 Core/Src/main.o
 .debug_macro   0x000000000001e52b       0x1c Core/Src/main.o
 .debug_macro   0x000000000001e547       0xde Core/Src/main.o
 .debug_macro   0x000000000001e625       0x16 Core/Src/main.o
 .debug_macro   0x000000000001e63b       0x20 Core/Src/main.o
 .debug_macro   0x000000000001e65b       0x65 Core/Src/main.o
 .debug_macro   0x000000000001e6c0      0x1c4 Core/Src/main.o
 .debug_macro   0x000000000001e884      0x3cd Core/Src/main.o
 .debug_macro   0x000000000001ec51      0x1e8 Core/Src/stm32f4xx_hal_msp.o
 .debug_macro   0x000000000001ee39      0xa5a Core/Src/stm32f4xx_hal_msp.o
 .debug_macro   0x000000000001f893     0x102d Core/Src/stm32f4xx_hal_msp.o
 .debug_macro   0x00000000000208c0      0x174 Core/Src/stm32f4xx_hal_msp.o
 .debug_macro   0x0000000000020a34      0x1f2 Core/Src/stm32f4xx_it.o
 .debug_macro   0x0000000000020c26       0xee Core/Src/sysmem.o
 .debug_macro   0x0000000000020d14      0x23b Core/Src/sysmem.o
 .debug_macro   0x0000000000020f4f      0x1e4 Core/Src/system_stm32f4xx.o
 .debug_macro   0x0000000000021133      0x23e Drivers/STM32F4xx_HAL_Driver/Src/stm32f4xx_hal.o
 .debug_macro   0x0000000000021371      0x1de Drivers/STM32F4xx_HAL_Driver/Src/stm32f4xx_hal_cortex.o
 .debug_macro   0x000000000002154f      0x214 Drivers/STM32F4xx_HAL_Driver/Src/stm32f4xx_hal_gpio.o
 .debug_macro   0x0000000000021763      0x1ea Drivers/STM32F4xx_HAL_Driver/Src/stm32f4xx_hal_pcd.o
 .debug_macro   0x000000000002194d      0x1de Drivers/STM32F4xx_HAL_Driver/Src/stm32f4xx_hal_pcd_ex.o
 .debug_macro   0x0000000000021b2b      0x202 Drivers/STM32F4xx_HAL_Driver/Src/stm32f4xx_hal_rcc.o
 .debug_macro   0x0000000000021d2d      0x1df Drivers/STM32F4xx_HAL_Driver/Src/stm32f4xx_hal_uart.o
 .debug_macro   0x0000000000021f0c      0x1de Drivers/STM32F4xx_HAL_Driver/Src/stm32f4xx_ll_usb.o
 .debug_macro   0x00000000000220ea      0x3f5 Middlewares/ST/STM32_USB_Device_Library/Class/CDC/Src/usbd_cdc.o
 .debug_macro   0x00000000000224df       0x97 Middlewares/ST/STM32_USB_Device_Library/Class/CDC/Src/usbd_cdc.o
 .debug_macro   0x0000000000022576       0xfd Middlewares/ST/STM32_USB_Device_Library/Class/CDC/Src/usbd_cdc.o
 .debug_macro   0x0000000000022673       0xd9 Middlewares/ST/STM32_USB_Device_Library/Class/CDC/Src/usbd_cdc.o
 .debug_macro   0x000000000002274c       0x54 Middlewares/ST/STM32_USB_Device_Library/Class/CDC/Src/usbd_cdc.o
 .debug_macro   0x00000000000227a0       0x8f Middlewares/ST/STM32_USB_Device_Library/Class/CDC/Src/usbd_cdc.o
 .debug_macro   0x000000000002282f      0x3dc Middlewares/ST/STM32_USB_Device_Library/Core/Src/usbd_core.o
 .debug_macro   0x0000000000022c0b      0x1ca Middlewares/ST/STM32_USB_Device_Library/Core/Src/usbd_core.o
 .debug_macro   0x0000000000022dd5      0x3e6 Middlewares/ST/STM32_USB_Device_Library/Core/Src/usbd_ctlreq.o
 .debug_macro   0x00000000000231bb      0x3e2 Middlewares/ST/STM32_USB_Device_Library/Core/Src/usbd_ioreq.o
 .debug_macro   0x000000000002359d      0x41b USB_DEVICE/App/usb_device.o
 .debug_macro   0x00000000000239b8      0x32a USB_DEVICE/App/usb_device.o
 .debug_macro   0x0000000000023ce2       0x22 USB_DEVICE/App/usb_device.o
 .debug_macro   0x0000000000023d04       0x16 USB_DEVICE/App/usb_device.o
 .debug_macro   0x0000000000023d1a      0x400 USB_DEVICE/App/usbd_cdc_if.o
 .debug_macro   0x000000000002411a       0x10 USB_DEVICE/App/usbd_cdc_if.o
 .debug_macro   0x000000000002412a      0x41f USB_DEVICE/App/usbd_desc.o
 .debug_macro   0x0000000000024549       0x1c USB_DEVICE/App/usbd_desc.o
 .debug_macro   0x0000000000024565      0x3ec USB_DEVICE/Target/usbd_conf.o

.debug_line     0x0000000000000000     0xe49b
 .debug_line    0x0000000000000000      0xc5d Core/Src/Cytron.o
 .debug_line    0x0000000000000c5d      0xe16 Core/Src/main.o
 .debug_line    0x0000000000001a73      0x706 Core/Src/stm32f4xx_hal_msp.o
 .debug_line    0x0000000000002179      0x791 Core/Src/stm32f4xx_it.o
 .debug_line    0x000000000000290a      0x4c7 Core/Src/sysmem.o
 .debug_line    0x0000000000002dd1      0x6f2 Core/Src/system_stm32f4xx.o
 .debug_line    0x00000000000034c3       0x85 Core/Startup/startup_stm32f405zgtx.o
 .debug_line    0x0000000000003548      0x8dc Drivers/STM32F4xx_HAL_Driver/Src/stm32f4xx_hal.o
 .debug_line    0x0000000000003e24      0xa00 Drivers/STM32F4xx_HAL_Driver/Src/stm32f4xx_hal_cortex.o
 .debug_line    0x0000000000004824      0x8bb Drivers/STM32F4xx_HAL_Driver/Src/stm32f4xx_hal_gpio.o
 .debug_line    0x00000000000050df      0xc86 Drivers/STM32F4xx_HAL_Driver/Src/stm32f4xx_hal_pcd.o
 .debug_line    0x0000000000005d65      0x735 Drivers/STM32F4xx_HAL_Driver/Src/stm32f4xx_hal_pcd_ex.o
 .debug_line    0x000000000000649a      0x934 Drivers/STM32F4xx_HAL_Driver/Src/stm32f4xx_hal_rcc.o
 .debug_line    0x0000000000006dce      0xfea Drivers/STM32F4xx_HAL_Driver/Src/stm32f4xx_hal_uart.o
 .debug_line    0x0000000000007db8      0xe07 Drivers/STM32F4xx_HAL_Driver/Src/stm32f4xx_ll_usb.o
 .debug_line    0x0000000000008bbf      0xb97 Middlewares/ST/STM32_USB_Device_Library/Class/CDC/Src/usbd_cdc.o
 .debug_line    0x0000000000009756      0xbb4 Middlewares/ST/STM32_USB_Device_Library/Core/Src/usbd_core.o
 .debug_line    0x000000000000a30a      0xca7 Middlewares/ST/STM32_USB_Device_Library/Core/Src/usbd_ctlreq.o
 .debug_line    0x000000000000afb1      0xa32 Middlewares/ST/STM32_USB_Device_Library/Core/Src/usbd_ioreq.o
 .debug_line    0x000000000000b9e3      0xa14 USB_DEVICE/App/usb_device.o
 .debug_line    0x000000000000c3f7      0xa5a USB_DEVICE/App/usbd_cdc_if.o
 .debug_line    0x000000000000ce51      0xa66 USB_DEVICE/App/usbd_desc.o
 .debug_line    0x000000000000d8b7      0xbe4 USB_DEVICE/Target/usbd_conf.o

.debug_str      0x0000000000000000    0xbe1dd
 .debug_str     0x0000000000000000    0xb7eb5 Core/Src/Cytron.o
                                      0xb8391 (size before relaxing)
 .debug_str     0x00000000000b7eb5     0x1fd3 Core/Src/main.o
                                      0xba486 (size before relaxing)
 .debug_str     0x00000000000b9e88      0x21c Core/Src/stm32f4xx_hal_msp.o
                                      0xb2976 (size before relaxing)
 .debug_str     0x00000000000ba0a4      0x3fc Core/Src/stm32f4xx_it.o
                                      0xb2817 (size before relaxing)
 .debug_str     0x00000000000ba4a0      0x505 Core/Src/sysmem.o
                                       0x5f5b (size before relaxing)
 .debug_str     0x00000000000ba9a5       0xc4 Core/Src/system_stm32f4xx.o
                                      0xb255b (size before relaxing)
 .debug_str     0x00000000000baa69       0x36 Core/Startup/startup_stm32f405zgtx.o
                                         0x68 (size before relaxing)
 .debug_str     0x00000000000baa9f      0xa21 Drivers/STM32F4xx_HAL_Driver/Src/stm32f4xx_hal.o
                                      0xb3007 (size before relaxing)
 .debug_str     0x00000000000bb4c0      0x399 Drivers/STM32F4xx_HAL_Driver/Src/stm32f4xx_hal_cortex.o
                                      0xb2df6 (size before relaxing)
 .debug_str     0x00000000000bb859      0x1fe Drivers/STM32F4xx_HAL_Driver/Src/stm32f4xx_hal_gpio.o
                                      0xb279a (size before relaxing)
 .debug_str     0x00000000000bba57      0x564 Drivers/STM32F4xx_HAL_Driver/Src/stm32f4xx_hal_pcd.o
                                      0xb2d30 (size before relaxing)
 .debug_str     0x00000000000bbfbb      0x13f Drivers/STM32F4xx_HAL_Driver/Src/stm32f4xx_hal_pcd_ex.o
                                      0xb28fb (size before relaxing)
 .debug_str     0x00000000000bc0fa      0x24e Drivers/STM32F4xx_HAL_Driver/Src/stm32f4xx_hal_rcc.o
                                      0xb2948 (size before relaxing)
 .debug_str     0x00000000000bc348      0x521 Drivers/STM32F4xx_HAL_Driver/Src/stm32f4xx_hal_uart.o